Archive member included because of file (symbol)

C:\Users\Chu Ming\Dropbox\Work\EE2024\Non-IVLE\workspace\Lib_CMSISv1p30_LPC17xx\Debug\libCMSISv1p30_LPC17xx.a(system_LPC17xx.o)
                              ./src/main.o (SystemCoreClock)
C:\Users\Chu Ming\Dropbox\Work\EE2024\Non-IVLE\workspace\Lib_EaBaseBoard\Debug\libLib_EaBaseBoard.a(acc.o)
                              ./src/main.o (acc_init)
C:\Users\Chu Ming\Dropbox\Work\EE2024\Non-IVLE\workspace\Lib_EaBaseBoard\Debug\libLib_EaBaseBoard.a(joystick.o)
                              ./src/main.o (joystick_init)
C:\Users\Chu Ming\Dropbox\Work\EE2024\Non-IVLE\workspace\Lib_EaBaseBoard\Debug\libLib_EaBaseBoard.a(led7seg.o)
                              ./src/main.o (led7seg_init)
C:\Users\Chu Ming\Dropbox\Work\EE2024\Non-IVLE\workspace\Lib_EaBaseBoard\Debug\libLib_EaBaseBoard.a(light.o)
                              ./src/main.o (light_enable)
C:\Users\Chu Ming\Dropbox\Work\EE2024\Non-IVLE\workspace\Lib_EaBaseBoard\Debug\libLib_EaBaseBoard.a(oled.o)
                              ./src/main.o (oled_putPixel)
C:\Users\Chu Ming\Dropbox\Work\EE2024\Non-IVLE\workspace\Lib_EaBaseBoard\Debug\libLib_EaBaseBoard.a(pca9532.o)
                              ./src/main.o (pca9532_init)
C:\Users\Chu Ming\Dropbox\Work\EE2024\Non-IVLE\workspace\Lib_EaBaseBoard\Debug\libLib_EaBaseBoard.a(temp.o)
                              ./src/main.o (temp_init)
C:\Users\Chu Ming\Dropbox\Work\EE2024\Non-IVLE\workspace\Lib_EaBaseBoard\Debug\libLib_EaBaseBoard.a(font5x7.o)
                              C:\Users\Chu Ming\Dropbox\Work\EE2024\Non-IVLE\workspace\Lib_EaBaseBoard\Debug\libLib_EaBaseBoard.a(oled.o) (font5x7)
C:\Users\Chu Ming\Dropbox\Work\EE2024\Non-IVLE\workspace\Lib_MCU\Debug\libLib_MCU.a(lpc17xx_gpio.o)
                              ./src/main.o (GPIO_SetDir)
C:\Users\Chu Ming\Dropbox\Work\EE2024\Non-IVLE\workspace\Lib_MCU\Debug\libLib_MCU.a(lpc17xx_i2c.o)
                              ./src/main.o (I2C_Init)
C:\Users\Chu Ming\Dropbox\Work\EE2024\Non-IVLE\workspace\Lib_MCU\Debug\libLib_MCU.a(lpc17xx_libcfg_default.o)
                              C:\Users\Chu Ming\Dropbox\Work\EE2024\Non-IVLE\workspace\Lib_MCU\Debug\libLib_MCU.a(lpc17xx_i2c.o) (check_failed)
C:\Users\Chu Ming\Dropbox\Work\EE2024\Non-IVLE\workspace\Lib_MCU\Debug\libLib_MCU.a(lpc17xx_pinsel.o)
                              ./src/main.o (PINSEL_ConfigPin)
C:\Users\Chu Ming\Dropbox\Work\EE2024\Non-IVLE\workspace\Lib_MCU\Debug\libLib_MCU.a(lpc17xx_ssp.o)
                              ./src/main.o (SSP_Init)
C:\Users\Chu Ming\Dropbox\Work\EE2024\Non-IVLE\workspace\Lib_MCU\Debug\libLib_MCU.a(lpc17xx_timer.o)
                              ./src/main.o (TIM_ClearIntPending)
C:\Users\Chu Ming\Dropbox\Work\EE2024\Non-IVLE\workspace\Lib_MCU\Debug\libLib_MCU.a(lpc17xx_uart.o)
                              ./src/main.o (UART_TxCmd)
C:\Users\Chu Ming\Dropbox\Work\EE2024\Non-IVLE\workspace\Lib_MCU\Debug\libLib_MCU.a(lpc17xx_clkpwr.o)
                              C:\Users\Chu Ming\Dropbox\Work\EE2024\Non-IVLE\workspace\Lib_MCU\Debug\libLib_MCU.a(lpc17xx_i2c.o) (CLKPWR_SetPCLKDiv)
c:/nxp/lpcxpresso_6.1.4_194/lpcxpresso/tools/bin/../lib/gcc/arm-none-eabi/4.6.2/armv7-m\libgcc.a(_arm_addsubdf3.o)
                              ./src/task.o (__aeabi_i2d)
c:/nxp/lpcxpresso_6.1.4_194/lpcxpresso/tools/bin/../lib/gcc/arm-none-eabi/4.6.2/armv7-m\libgcc.a(_arm_fixdfsi.o)
                              ./src/task.o (__aeabi_d2iz)
c:/nxp/lpcxpresso_6.1.4_194/lpcxpresso/tools/bin/../lib/gcc/arm-none-eabi/4.6.2/armv7-m\libgcc.a(_aeabi_uldivmod.o)
                              C:\Users\Chu Ming\Dropbox\Work\EE2024\Non-IVLE\workspace\Lib_CMSISv1p30_LPC17xx\Debug\libCMSISv1p30_LPC17xx.a(system_LPC17xx.o) (__aeabi_uldivmod)
c:/nxp/lpcxpresso_6.1.4_194/lpcxpresso/tools/bin/../lib/gcc/arm-none-eabi/4.6.2/armv7-m\libgcc.a(bpabi.o)
                              c:/nxp/lpcxpresso_6.1.4_194/lpcxpresso/tools/bin/../lib/gcc/arm-none-eabi/4.6.2/armv7-m\libgcc.a(_aeabi_uldivmod.o) (__gnu_uldivmod_helper)
c:/nxp/lpcxpresso_6.1.4_194/lpcxpresso/tools/bin/../lib/gcc/arm-none-eabi/4.6.2/armv7-m\libgcc.a(_dvmd_tls.o)
                              c:/nxp/lpcxpresso_6.1.4_194/lpcxpresso/tools/bin/../lib/gcc/arm-none-eabi/4.6.2/armv7-m\libgcc.a(_aeabi_uldivmod.o) (__aeabi_ldiv0)
c:/nxp/lpcxpresso_6.1.4_194/lpcxpresso/tools/bin/../lib/gcc/arm-none-eabi/4.6.2/armv7-m\libgcc.a(_divdi3.o)
                              c:/nxp/lpcxpresso_6.1.4_194/lpcxpresso/tools/bin/../lib/gcc/arm-none-eabi/4.6.2/armv7-m\libgcc.a(bpabi.o) (__divdi3)
c:/nxp/lpcxpresso_6.1.4_194/lpcxpresso/tools/bin/../lib/gcc/arm-none-eabi/4.6.2/armv7-m\libgcc.a(_udivdi3.o)
                              c:/nxp/lpcxpresso_6.1.4_194/lpcxpresso/tools/bin/../lib/gcc/arm-none-eabi/4.6.2/armv7-m\libgcc.a(bpabi.o) (__udivdi3)
c:/nxp/lpcxpresso_6.1.4_194/lpcxpresso/tools/bin/../lib/gcc/arm-none-eabi/4.6.2/../../../../arm-none-eabi/lib/armv7-m\libc.a(lib_a-malloc.o)
[...]
Memory Configuration

Name             Origin             Length             Attributes
MFlash512        0x00000000         0x00080000         xr
RamLoc32         0x10000000         0x00008000         xrw
RamAHB32         0x2007c000         0x00008000         xrw
*default*        0x00000000         0xffffffff

Linker script and memory map

LOAD ./src/cr_startup_lpc17.o
LOAD ./src/main.o
LOAD ./src/rgbfixed.o
LOAD ./src/task.o
LOAD C:\Users\Chu Ming\Dropbox\Work\EE2024\Non-IVLE\workspace\Lib_CMSISv1p30_LPC17xx\Debug\libCMSISv1p30_LPC17xx.a
LOAD C:\Users\Chu Ming\Dropbox\Work\EE2024\Non-IVLE\workspace\Lib_EaBaseBoard\Debug\libLib_EaBaseBoard.a
LOAD C:\Users\Chu Ming\Dropbox\Work\EE2024\Non-IVLE\workspace\Lib_MCU\Debug\libLib_MCU.a
START GROUP
LOAD c:/nxp/lpcxpresso_6.1.4_194/lpcxpresso/tools/bin/../lib/gcc/arm-none-eabi/4.6.2/armv7-m\libgcc.a
LOAD c:/nxp/lpcxpresso_6.1.4_194/lpcxpresso/tools/bin/../lib/gcc/arm-none-eabi/4.6.2/../../../../arm-none-eabi/lib/armv7-m\libc.a
LOAD c:/nxp/lpcxpresso_6.1.4_194/lpcxpresso/tools/bin/../lib/gcc/arm-none-eabi/4.6.2/../../../../arm-none-eabi/lib/armv7-m\libm.a
LOAD c:/nxp/lpcxpresso_6.1.4_194/lpcxpresso/tools/bin/../lib/gcc/arm-none-eabi/4.6.2/../../../../arm-none-eabi/lib/armv7-m\libcr_newlib_semihost.a
END GROUP
                0x00080000                __top_MFlash512 = 0x80000
                0x10008000                __top_RamLoc32 = 0x10008000
                0x20084000                __top_RamAHB32 = 0x20084000

.text           0x00000000     0xccfc
 FILL mask 0xff
                0x00000000                __vectors_start__ = ABSOLUTE (.)
 *(.isr_vector)
 .isr_vector    0x00000000       0xcc ./src/cr_startup_lpc17.o
                0x00000000                g_pfnVectors
                0x000000cc                . = ALIGN (0x4)
                0x000000cc                __section_table_start = .
                0x000000cc                __data_section_table = .
                0x000000cc        0x4 LONG 0xcd04 LOADADDR (.data)
                0x000000d0        0x4 LONG 0x10000000 ADDR (.data)
                0x000000d4        0x4 LONG 0x974 SIZEOF (.data)
                0x000000d8        0x4 LONG 0xcd04 LOADADDR (.data_RAM2)
                0x000000dc        0x4 LONG 0x2007c000 ADDR (.data_RAM2)
                0x000000e0        0x4 LONG 0x0 SIZEOF (.data_RAM2)
                0x000000e4                __data_section_table_end = .
                0x000000e4                __bss_section_table = .
                0x000000e4        0x4 LONG 0x10000974 ADDR (.bss)
                0x000000e8        0x4 LONG 0x848 SIZEOF (.bss)
                0x000000ec        0x4 LONG 0x2007c000 ADDR (.bss_RAM2)
                0x000000f0        0x4 LONG 0x0 SIZEOF (.bss_RAM2)
                0x000000f4                __bss_section_table_end = .
                0x000000f4                __section_table_end = .
 *(.after_vectors*)
 *(.text*)
 .text.ResetISR
                0x000000f4       0x68 ./src/cr_startup_lpc17.o
                0x000000f4                ResetISR
 .text.NMI_Handler
                0x0000015c        0x8 ./src/cr_startup_lpc17.o
                0x0000015c                NMI_Handler
 .text.HardFault_Handler
                0x00000164        0x8 ./src/cr_startup_lpc17.o
                0x00000164                HardFault_Handler
 .text.MemManage_Handler
                0x0000016c        0x8 ./src/cr_startup_lpc17.o
                0x0000016c                MemManage_Handler
 .text.BusFault_Handler
                0x00000174        0x8 ./src/cr_startup_lpc17.o
                0x00000174                BusFault_Handler
 .text.UsageFault_Handler
                0x0000017c        0x8 ./src/cr_startup_lpc17.o
                0x0000017c                UsageFault_Handler
 .text.SVCall_Handler
                0x00000184        0x8 ./src/cr_startup_lpc17.o
                0x00000184                SVCall_Handler
 .text.DebugMon_Handler
                0x0000018c        0x8 ./src/cr_startup_lpc17.o
                0x0000018c                DebugMon_Handler
 .text.PendSV_Handler
                0x00000194        0x8 ./src/cr_startup_lpc17.o
                0x00000194                PendSV_Handler
 .text.IntDefaultHandler
                0x0000019c        0x8 ./src/cr_startup_lpc17.o
                0x0000019c                TIMER2_IRQHandler
                0x0000019c                RIT_IRQHandler
                0x0000019c                I2C0_IRQHandler
                0x0000019c                USBActivity_IRQHandler
                0x0000019c                PWM1_IRQHandler
                0x0000019c                I2C1_IRQHandler
                0x0000019c                EINT2_IRQHandler
                0x0000019c                UART1_IRQHandler
                0x0000019c                CANActivity_IRQHandler
                0x0000019c                TIMER3_IRQHandler
                0x0000019c                UART0_IRQHandler
                0x0000019c                IntDefaultHandler
                0x0000019c                PLL0_IRQHandler
                0x0000019c                CAN_IRQHandler
                0x0000019c                PLL1_IRQHandler
                0x0000019c                SSP0_IRQHandler
                0x0000019c                I2S_IRQHandler
                0x0000019c                I2C2_IRQHandler
                0x0000019c                RTC_IRQHandler
                0x0000019c                SPI_IRQHandler
                0x0000019c                EINT1_IRQHandler
                0x0000019c                TIMER1_IRQHandler
                0x0000019c                UART2_IRQHandler
                0x0000019c                ADC_IRQHandler
                0x0000019c                SSP1_IRQHandler
                0x0000019c                USB_IRQHandler
                0x0000019c                BOD_IRQHandler
                0x0000019c                WDT_IRQHandler
                0x0000019c                QEI_IRQHandler
                0x0000019c                EINT0_IRQHandler
                0x0000019c                DMA_IRQHandler
                0x0000019c                MCPWM_IRQHandler
                0x0000019c                ENET_IRQHandler
 .text.NVIC_SetPriorityGrouping
                0x000001a4       0x50 ./src/main.o
 .text.NVIC_EnableIRQ
                0x000001f4       0x38 ./src/main.o
 .text.NVIC_SetPriority
                0x0000022c       0x5c ./src/main.o
 .text.NVIC_EncodePriority
                0x00000288       0x78 ./src/main.o
 .text.SysTick_Config
                0x00000300       0x64 ./src/main.o
 .text.init_ssp
                0x00000364       0x98 ./src/main.o
 .text.init_i2c
                0x000003fc       0x5c ./src/main.o
 .text.init_GPIO
                0x00000458       0xb0 ./src/main.o
 .text.init_uart
                0x00000508       0x70 ./src/main.o
                0x00000508                init_uart
 .text.initGPIOInterrupt
                0x00000578       0x78 ./src/main.o
                0x00000578                initGPIOInterrupt
 .text.initUARTInterrupt
                0x000005f0       0x3c ./src/main.o
                0x000005f0                initUARTInterrupt
 .text.initTimerInterrupt
                0x0000062c       0x9c ./src/main.o
                0x0000062c                initTimerInterrupt
 .text.blank7Seg
                0x000006c8       0x14 ./src/main.o
                0x000006c8                blank7Seg
 .text.showStartingSeq
                0x000006dc       0xe8 ./src/main.o
                0x000006dc                showStartingSeq
 .text.showStartingAni
                0x000007c4      0x24c ./src/main.o
                0x000007c4                showStartingAni
 .text.blinkRGBLED
                0x00000a10       0x50 ./src/main.o
                0x00000a10                blinkRGBLED
 .text.setRGBLEDColor
                0x00000a60       0x44 ./src/main.o
                0x00000a60                setRGBLEDColor
 .text.blankRGBLED
                0x00000aa4       0x10 ./src/main.o
                0x00000aa4                blankRGBLED
 .text.getSensorValues
                0x00000ab4      0x3a0 ./src/main.o
                0x00000ab4                getSensorValues
 .text.blankOLED
                0x00000e54       0x1c ./src/main.o
                0x00000e54                blankOLED
 .text.updateLightningCount
                0x00000e70       0x48 ./src/main.o
                0x00000e70                updateLightningCount
 .text.lightningTimeout
                0x00000eb8       0x24 ./src/main.o
                0x00000eb8                lightningTimeout
 .text.enableLightningDetector
                0x00000edc       0x1c ./src/main.o
                0x00000edc                enableLightningDetector
 .text.disableLightningDetector
                0x00000ef8       0x1c ./src/main.o
                0x00000ef8                disableLightningDetector
 .text.blankSensorValues
                0x00000f14      0x1c8 ./src/main.o
                0x00000f14                blankSensorValues
 .text.showLEDSeq
                0x000010dc       0xa8 ./src/main.o
                0x000010dc                showLEDSeq
 .text.resetLEDSeq
                0x00001184       0x48 ./src/main.o
                0x00001184                resetLEDSeq
 .text.turnOffLEDSeq
                0x000011cc       0x14 ./src/main.o
                0x000011cc                turnOffLEDSeq
 .text.readJoystick
                0x000011e0       0x2c ./src/main.o
                0x000011e0                readJoystick
 .text.drawOled
                0x0000120c      0x34c ./src/main.o
 .text.joystickDebounceTimeout
                0x00001558       0x18 ./src/main.o
                0x00001558                joystickDebounceTimeout
 .text.playNote
                0x00001570       0x70 ./src/main.o
 .text.getNote  0x000015e0       0x5c ./src/main.o
 .text.getDuration
                0x0000163c       0x38 ./src/main.o
 .text.getPause
                0x00001674       0x4c ./src/main.o
 .text.playSong
                0x000016c0       0x94 ./src/main.o
 .text.sw3Interrupt
                0x00001754       0x48 ./src/main.o
                0x00001754                sw3Interrupt
 .text.lightningInterruptHandler
                0x0000179c      0x1a8 ./src/main.o
 .text.sendControlSeq
                0x00001944       0x4c ./src/main.o
                0x00001944                sendControlSeq
 .text.UARTDebounceTimeout
                0x00001990       0x18 ./src/main.o
                0x00001990                UARTDebounceTimeout
 .text.EINT3_IRQHandler
                0x000019a8       0x5c ./src/main.o
                0x000019a8                EINT3_IRQHandler
 .text.TIMER0_IRQHandler
                0x00001a04       0x5c ./src/main.o
                0x00001a04                TIMER0_IRQHandler
 .text.UART3_IRQHandler
                0x00001a60        0xc ./src/main.o
                0x00001a60                UART3_IRQHandler
 .text.UART3ReceiveInterruptHandler
                0x00001a6c      0x970 ./src/main.o
                0x00001a6c                UART3ReceiveInterruptHandler
 .text.getTicks
                0x000023dc       0x18 ./src/main.o
                0x000023dc                getTicks
 .text.SysTick_Handler
                0x000023f4       0x24 ./src/main.o
                0x000023f4                SysTick_Handler
 .text.stopStarter
                0x00002418       0x30 ./src/main.o
                0x00002418                stopStarter
 .text.stopExplorer
                0x00002448       0x1c ./src/main.o
                0x00002448                stopExplorer
 .text.stopSurvival
                0x00002464       0x1c ./src/main.o
                0x00002464                stopSurvival
 .text.stopCanvas
                0x00002480       0x4c ./src/main.o
                0x00002480                stopCanvas
 .text.stopMusic
                0x000024cc       0x38 ./src/main.o
                0x000024cc                stopMusic
 .text.startStarter
                0x00002504       0xa8 ./src/main.o
                0x00002504                startStarter
 .text.startExplorer
                0x000025ac       0xb4 ./src/main.o
                0x000025ac                startExplorer
 .text.startSurvival
                0x00002660       0xcc ./src/main.o
                0x00002660                startSurvival
 .text.startCanvas
                0x0000272c       0x70 ./src/main.o
                0x0000272c                startCanvas
 .text.startMusic
                0x0000279c       0xc4 ./src/main.o
                0x0000279c                startMusic
 .text.main     0x00002860      0x3d0 ./src/main.o
                0x00002860                main
 .text.rgb_init
                0x00002c30       0x38 ./src/rgbfixed.o
                0x00002c30                rgb_init
 .text.rgb_setLeds
                0x00002c68       0x80 ./src/rgbfixed.o
                0x00002c68                rgb_setLeds
 .text.newTask  0x00002ce8       0x7c ./src/task.o
                0x00002ce8                newTask
 .text.runTaskOnce
                0x00002d64       0x38 ./src/task.o
                0x00002d64                runTaskOnce
 .text.checkAndRunTasks
                0x00002d9c       0x84 ./src/task.o
                0x00002d9c                checkAndRunTasks
 .text.addTask  0x00002e20       0x34 ./src/task.o
                0x00002e20                addTask
 .text.removeFinishedTasks
                0x00002e54       0xb4 ./src/task.o
                0x00002e54                removeFinishedTasks
 .text.SystemInit
                0x00002f08      0x22c C:\Users\Chu Ming\Dropbox\Work\EE2024\Non-IVLE\workspace\Lib_CMSISv1p30_LPC17xx\Debug\libCMSISv1p30_LPC17xx.a(system_LPC17xx.o)
                0x00002f08                SystemInit
 .text.I2CRead  0x00003134       0x5c C:\Users\Chu Ming\Dropbox\Work\EE2024\Non-IVLE\workspace\Lib_EaBaseBoard\Debug\libLib_EaBaseBoard.a(acc.o)
 .text.I2CWrite
                0x00003190       0x5c C:\Users\Chu Ming\Dropbox\Work\EE2024\Non-IVLE\workspace\Lib_EaBaseBoard\Debug\libLib_EaBaseBoard.a(acc.o)
 .text.getStatus
                0x000031ec       0x3c C:\Users\Chu Ming\Dropbox\Work\EE2024\Non-IVLE\workspace\Lib_EaBaseBoard\Debug\libLib_EaBaseBoard.a(acc.o)
 .text.setModeControl
                0x00003228       0x30 C:\Users\Chu Ming\Dropbox\Work\EE2024\Non-IVLE\workspace\Lib_EaBaseBoard\Debug\libLib_EaBaseBoard.a(acc.o)
 .text.acc_init
                0x00003258       0x10 C:\Users\Chu Ming\Dropbox\Work\EE2024\Non-IVLE\workspace\Lib_EaBaseBoard\Debug\libLib_EaBaseBoard.a(acc.o)
                0x00003258                acc_init
 .text.acc_read
                0x00003268       0xbc C:\Users\Chu Ming\Dropbox\Work\EE2024\Non-IVLE\workspace\Lib_EaBaseBoard\Debug\libLib_EaBaseBoard.a(acc.o)
                0x00003268                acc_read
 .text.joystick_init
                0x00003324       0x28 C:\Users\Chu Ming\Dropbox\Work\EE2024\Non-IVLE\workspace\Lib_EaBaseBoard\Debug\libLib_EaBaseBoard.a(joystick.o)
                0x00003324                joystick_init
 .text.joystick_read
                0x0000334c       0x98 C:\Users\Chu Ming\Dropbox\Work\EE2024\Non-IVLE\workspace\Lib_EaBaseBoard\Debug\libLib_EaBaseBoard.a(joystick.o)
                0x0000334c                joystick_read
 .text.led7seg_init
                0x000033e4       0x24 C:\Users\Chu Ming\Dropbox\Work\EE2024\Non-IVLE\workspace\Lib_EaBaseBoard\Debug\libLib_EaBaseBoard.a(led7seg.o)
                0x000033e4                led7seg_init
 .text.led7seg_setChar
                0x00003408       0x88 C:\Users\Chu Ming\Dropbox\Work\EE2024\Non-IVLE\workspace\Lib_EaBaseBoard\Debug\libLib_EaBaseBoard.a(led7seg.o)
                0x00003408                led7seg_setChar
 .text.I2CRead  0x00003490       0x5c C:\Users\Chu Ming\Dropbox\Work\EE2024\Non-IVLE\workspace\Lib_EaBaseBoard\Debug\libLib_EaBaseBoard.a(light.o)
 .text.I2CWrite
                0x000034ec       0x5c C:\Users\Chu Ming\Dropbox\Work\EE2024\Non-IVLE\workspace\Lib_EaBaseBoard\Debug\libLib_EaBaseBoard.a(light.o)
 .text.readControlReg
                0x00003548       0x3c C:\Users\Chu Ming\Dropbox\Work\EE2024\Non-IVLE\workspace\Lib_EaBaseBoard\Debug\libLib_EaBaseBoard.a(light.o)
 .text.light_enable
                0x00003584       0x48 C:\Users\Chu Ming\Dropbox\Work\EE2024\Non-IVLE\workspace\Lib_EaBaseBoard\Debug\libLib_EaBaseBoard.a(light.o)
                0x00003584                light_enable
 .text.light_read
                0x000035cc       0x90 C:\Users\Chu Ming\Dropbox\Work\EE2024\Non-IVLE\workspace\Lib_EaBaseBoard\Debug\libLib_EaBaseBoard.a(light.o)
                0x000035cc                light_read
 .text.light_setRange
                0x0000365c       0xac C:\Users\Chu Ming\Dropbox\Work\EE2024\Non-IVLE\workspace\Lib_EaBaseBoard\Debug\libLib_EaBaseBoard.a(light.o)
                0x0000365c                light_setRange
 .text.light_setHiThreshold
                0x00003708       0x58 C:\Users\Chu Ming\Dropbox\Work\EE2024\Non-IVLE\workspace\Lib_EaBaseBoard\Debug\libLib_EaBaseBoard.a(light.o)
                0x00003708                light_setHiThreshold
 .text.light_setLoThreshold
                0x00003760       0x58 C:\Users\Chu Ming\Dropbox\Work\EE2024\Non-IVLE\workspace\Lib_EaBaseBoard\Debug\libLib_EaBaseBoard.a(light.o)
                0x00003760                light_setLoThreshold
 .text.light_clearIrqStatus
                0x000037b8       0x3c C:\Users\Chu Ming\Dropbox\Work\EE2024\Non-IVLE\workspace\Lib_EaBaseBoard\Debug\libLib_EaBaseBoard.a(light.o)
                0x000037b8                light_clearIrqStatus
 .text.writeCommand
                0x000037f4       0x60 C:\Users\Chu Ming\Dropbox\Work\EE2024\Non-IVLE\workspace\Lib_EaBaseBoard\Debug\libLib_EaBaseBoard.a(oled.o)
 .text.writeData
                0x00003854       0x60 C:\Users\Chu Ming\Dropbox\Work\EE2024\Non-IVLE\workspace\Lib_EaBaseBoard\Debug\libLib_EaBaseBoard.a(oled.o)
 .text.writeDataLen
                0x000038b4       0x8c C:\Users\Chu Ming\Dropbox\Work\EE2024\Non-IVLE\workspace\Lib_EaBaseBoard\Debug\libLib_EaBaseBoard.a(oled.o)
 .text.runInitSequence
                0x00003940      0x118 C:\Users\Chu Ming\Dropbox\Work\EE2024\Non-IVLE\workspace\Lib_EaBaseBoard\Debug\libLib_EaBaseBoard.a(oled.o)
 .text.hLine    0x00003a58       0x4c C:\Users\Chu Ming\Dropbox\Work\EE2024\Non-IVLE\workspace\Lib_EaBaseBoard\Debug\libLib_EaBaseBoard.a(oled.o)
 .text.vLine    0x00003aa4       0x4c C:\Users\Chu Ming\Dropbox\Work\EE2024\Non-IVLE\workspace\Lib_EaBaseBoard\Debug\libLib_EaBaseBoard.a(oled.o)
 .text.oled_init
                0x00003af0       0x9c C:\Users\Chu Ming\Dropbox\Work\EE2024\Non-IVLE\workspace\Lib_EaBaseBoard\Debug\libLib_EaBaseBoard.a(oled.o)
                0x00003af0                oled_init
 .text.oled_putPixel
                0x00003b8c      0x188 C:\Users\Chu Ming\Dropbox\Work\EE2024\Non-IVLE\workspace\Lib_EaBaseBoard\Debug\libLib_EaBaseBoard.a(oled.o)
                0x00003b8c                oled_putPixel
 .text.oled_line
                0x00003d14      0x1d4 C:\Users\Chu Ming\Dropbox\Work\EE2024\Non-IVLE\workspace\Lib_EaBaseBoard\Debug\libLib_EaBaseBoard.a(oled.o)
                0x00003d14                oled_line
 .text.oled_circle
                0x00003ee8      0x32c C:\Users\Chu Ming\Dropbox\Work\EE2024\Non-IVLE\workspace\Lib_EaBaseBoard\Debug\libLib_EaBaseBoard.a(oled.o)
                0x00003ee8                oled_circle
 .text.oled_clearScreen
                0x00004214       0x74 C:\Users\Chu Ming\Dropbox\Work\EE2024\Non-IVLE\workspace\Lib_EaBaseBoard\Debug\libLib_EaBaseBoard.a(oled.o)
                0x00004214                oled_clearScreen
 .text.oled_putChar
                0x00004288       0xf0 C:\Users\Chu Ming\Dropbox\Work\EE2024\Non-IVLE\workspace\Lib_EaBaseBoard\Debug\libLib_EaBaseBoard.a(oled.o)
                0x00004288                oled_putChar
 .text.oled_putString
                0x00004378       0x54 C:\Users\Chu Ming\Dropbox\Work\EE2024\Non-IVLE\workspace\Lib_EaBaseBoard\Debug\libLib_EaBaseBoard.a(oled.o)
                0x00004378                oled_putString
 .text.I2CWrite
                0x000043cc       0x5c C:\Users\Chu Ming\Dropbox\Work\EE2024\Non-IVLE\workspace\Lib_EaBaseBoard\Debug\libLib_EaBaseBoard.a(pca9532.o)
 .text.setLsStates
                0x00004428       0xc4 C:\Users\Chu Ming\Dropbox\Work\EE2024\Non-IVLE\workspace\Lib_EaBaseBoard\Debug\libLib_EaBaseBoard.a(pca9532.o)
 .text.setLeds  0x000044ec       0xa0 C:\Users\Chu Ming\Dropbox\Work\EE2024\Non-IVLE\workspace\Lib_EaBaseBoard\Debug\libLib_EaBaseBoard.a(pca9532.o)
 .text.pca9532_init
                0x0000458c        0xc C:\Users\Chu Ming\Dropbox\Work\EE2024\Non-IVLE\workspace\Lib_EaBaseBoard\Debug\libLib_EaBaseBoard.a(pca9532.o)
                0x0000458c                pca9532_init
 .text.pca9532_setLeds
                0x00004598       0xa0 C:\Users\Chu Ming\Dropbox\Work\EE2024\Non-IVLE\workspace\Lib_EaBaseBoard\Debug\libLib_EaBaseBoard.a(pca9532.o)
                0x00004598                pca9532_setLeds
 .text.temp_init
                0x00004638       0x2c C:\Users\Chu Ming\Dropbox\Work\EE2024\Non-IVLE\workspace\Lib_EaBaseBoard\Debug\libLib_EaBaseBoard.a(temp.o)
                0x00004638                temp_init
 .text.temp_read
                0x00004664      0x10c C:\Users\Chu Ming\Dropbox\Work\EE2024\Non-IVLE\workspace\Lib_EaBaseBoard\Debug\libLib_EaBaseBoard.a(temp.o)
                0x00004664                temp_read
 .text.GPIO_GetPointer
                0x00004770       0x7c C:\Users\Chu Ming\Dropbox\Work\EE2024\Non-IVLE\workspace\Lib_MCU\Debug\libLib_MCU.a(lpc17xx_gpio.o)
 .text.GPIO_SetDir
                0x000047ec       0x54 C:\Users\Chu Ming\Dropbox\Work\EE2024\Non-IVLE\workspace\Lib_MCU\Debug\libLib_MCU.a(lpc17xx_gpio.o)
                0x000047ec                GPIO_SetDir
 .text.GPIO_SetValue
                0x00004840       0x2c C:\Users\Chu Ming\Dropbox\Work\EE2024\Non-IVLE\workspace\Lib_MCU\Debug\libLib_MCU.a(lpc17xx_gpio.o)
                0x00004840                GPIO_SetValue
 .text.GPIO_ClearValue
                0x0000486c       0x2c C:\Users\Chu Ming\Dropbox\Work\EE2024\Non-IVLE\workspace\Lib_MCU\Debug\libLib_MCU.a(lpc17xx_gpio.o)
                0x0000486c                GPIO_ClearValue
 .text.GPIO_ReadValue
                0x00004898       0x30 C:\Users\Chu Ming\Dropbox\Work\EE2024\Non-IVLE\workspace\Lib_MCU\Debug\libLib_MCU.a(lpc17xx_gpio.o)
                0x00004898                GPIO_ReadValue
 .text.NVIC_EnableIRQ
                0x000048c8       0x38 C:\Users\Chu Ming\Dropbox\Work\EE2024\Non-IVLE\workspace\Lib_MCU\Debug\libLib_MCU.a(lpc17xx_i2c.o)
 .text.NVIC_DisableIRQ
                0x00004900       0x3c C:\Users\Chu Ming\Dropbox\Work\EE2024\Non-IVLE\workspace\Lib_MCU\Debug\libLib_MCU.a(lpc17xx_i2c.o)
 .text.I2C_getNum
                0x0000493c       0x54 C:\Users\Chu Ming\Dropbox\Work\EE2024\Non-IVLE\workspace\Lib_MCU\Debug\libLib_MCU.a(lpc17xx_i2c.o)
 .text.I2C_Start
                0x00004990       0x44 C:\Users\Chu Ming\Dropbox\Work\EE2024\Non-IVLE\workspace\Lib_MCU\Debug\libLib_MCU.a(lpc17xx_i2c.o)
 .text.I2C_Stop
                0x000049d4       0x38 C:\Users\Chu Ming\Dropbox\Work\EE2024\Non-IVLE\workspace\Lib_MCU\Debug\libLib_MCU.a(lpc17xx_i2c.o)
 .text.I2C_SendByte
                0x00004a0c       0x50 C:\Users\Chu Ming\Dropbox\Work\EE2024\Non-IVLE\workspace\Lib_MCU\Debug\libLib_MCU.a(lpc17xx_i2c.o)
 .text.I2C_GetByte
                0x00004a5c       0x5c C:\Users\Chu Ming\Dropbox\Work\EE2024\Non-IVLE\workspace\Lib_MCU\Debug\libLib_MCU.a(lpc17xx_i2c.o)
 .text.I2C_IntCmd
                0x00004ab8       0xa8 C:\Users\Chu Ming\Dropbox\Work\EE2024\Non-IVLE\workspace\Lib_MCU\Debug\libLib_MCU.a(lpc17xx_i2c.o)
                0x00004ab8                I2C_IntCmd
 .text.I2C_MasterHandler
                0x00004b60      0x408 C:\Users\Chu Ming\Dropbox\Work\EE2024\Non-IVLE\workspace\Lib_MCU\Debug\libLib_MCU.a(lpc17xx_i2c.o)
                0x00004b60                I2C_MasterHandler
 .text.I2C_SetClock
                0x00004f68       0xc8 C:\Users\Chu Ming\Dropbox\Work\EE2024\Non-IVLE\workspace\Lib_MCU\Debug\libLib_MCU.a(lpc17xx_i2c.o)
                0x00004f68                I2C_SetClock
 .text.I2C_Init
                0x00005030       0xd8 C:\Users\Chu Ming\Dropbox\Work\EE2024\Non-IVLE\workspace\Lib_MCU\Debug\libLib_MCU.a(lpc17xx_i2c.o)
                0x00005030                I2C_Init
 .text.I2C_Cmd  0x00005108       0x84 C:\Users\Chu Ming\Dropbox\Work\EE2024\Non-IVLE\workspace\Lib_MCU\Debug\libLib_MCU.a(lpc17xx_i2c.o)
                0x00005108                I2C_Cmd
 .text.I2C_MasterTransferData
                0x0000518c      0x390 C:\Users\Chu Ming\Dropbox\Work\EE2024\Non-IVLE\workspace\Lib_MCU\Debug\libLib_MCU.a(lpc17xx_i2c.o)
                0x0000518c                I2C_MasterTransferData
 .text.check_failed
                0x0000551c        0xc C:\Users\Chu Ming\Dropbox\Work\EE2024\Non-IVLE\workspace\Lib_MCU\Debug\libLib_MCU.a(lpc17xx_libcfg_default.o)
                0x0000551c                check_failed
 .text.PINSEL_SetPinFunc
                0x00005528       0x9c C:\Users\Chu Ming\Dropbox\Work\EE2024\Non-IVLE\workspace\Lib_MCU\Debug\libLib_MCU.a(lpc17xx_pinsel.o)
                0x00005528                PINSEL_SetPinFunc
 .text.PINSEL_SetResistorMode
                0x000055c4       0x9c C:\Users\Chu Ming\Dropbox\Work\EE2024\Non-IVLE\workspace\Lib_MCU\Debug\libLib_MCU.a(lpc17xx_pinsel.o)
                0x000055c4                PINSEL_SetResistorMode
 .text.PINSEL_SetOpenDrainMode
                0x00005660       0x7c C:\Users\Chu Ming\Dropbox\Work\EE2024\Non-IVLE\workspace\Lib_MCU\Debug\libLib_MCU.a(lpc17xx_pinsel.o)
                0x00005660                PINSEL_SetOpenDrainMode
 .text.PINSEL_ConfigPin
                0x000056dc       0x54 C:\Users\Chu Ming\Dropbox\Work\EE2024\Non-IVLE\workspace\Lib_MCU\Debug\libLib_MCU.a(lpc17xx_pinsel.o)
                0x000056dc                PINSEL_ConfigPin
 .text.SSP_getNum
                0x00005730       0x40 C:\Users\Chu Ming\Dropbox\Work\EE2024\Non-IVLE\workspace\Lib_MCU\Debug\libLib_MCU.a(lpc17xx_ssp.o)
 .text.SSP_IntHandler
                0x00005770      0x338 C:\Users\Chu Ming\Dropbox\Work\EE2024\Non-IVLE\workspace\Lib_MCU\Debug\libLib_MCU.a(lpc17xx_ssp.o)
                0x00005770                SSP_IntHandler
 .text.SSP_SetClock
                0x00005aa8       0xf8 C:\Users\Chu Ming\Dropbox\Work\EE2024\Non-IVLE\workspace\Lib_MCU\Debug\libLib_MCU.a(lpc17xx_ssp.o)
                0x00005aa8                SSP_SetClock
 .text.SSP_Init
                0x00005ba0      0x10c C:\Users\Chu Ming\Dropbox\Work\EE2024\Non-IVLE\workspace\Lib_MCU\Debug\libLib_MCU.a(lpc17xx_ssp.o)
                0x00005ba0                SSP_Init
 .text.SSP_ConfigStructInit
                0x00005cac       0x48 C:\Users\Chu Ming\Dropbox\Work\EE2024\Non-IVLE\workspace\Lib_MCU\Debug\libLib_MCU.a(lpc17xx_ssp.o)
                0x00005cac                SSP_ConfigStructInit
 .text.SSP_Cmd  0x00005cf4       0x7c C:\Users\Chu Ming\Dropbox\Work\EE2024\Non-IVLE\workspace\Lib_MCU\Debug\libLib_MCU.a(lpc17xx_ssp.o)
                0x00005cf4                SSP_Cmd
 .text.SSP_SendData
                0x00005d70       0x48 C:\Users\Chu Ming\Dropbox\Work\EE2024\Non-IVLE\workspace\Lib_MCU\Debug\libLib_MCU.a(lpc17xx_ssp.o)
                0x00005d70                SSP_SendData
 .text.SSP_ReceiveData
                0x00005db8       0x44 C:\Users\Chu Ming\Dropbox\Work\EE2024\Non-IVLE\workspace\Lib_MCU\Debug\libLib_MCU.a(lpc17xx_ssp.o)
                0x00005db8                SSP_ReceiveData
 .text.SSP_ReadWrite
                0x00005dfc      0x440 C:\Users\Chu Ming\Dropbox\Work\EE2024\Non-IVLE\workspace\Lib_MCU\Debug\libLib_MCU.a(lpc17xx_ssp.o)
                0x00005dfc                SSP_ReadWrite
 .text.TIM_GetPClock
                0x0000623c       0x68 C:\Users\Chu Ming\Dropbox\Work\EE2024\Non-IVLE\workspace\Lib_MCU\Debug\libLib_MCU.a(lpc17xx_timer.o)
                0x0000623c                TIM_GetPClock
 .text.TIM_ConverUSecToVal
                0x000062a4       0x64 C:\Users\Chu Ming\Dropbox\Work\EE2024\Non-IVLE\workspace\Lib_MCU\Debug\libLib_MCU.a(lpc17xx_timer.o)
                0x000062a4                TIM_ConverUSecToVal
 .text.TIM_ConverPtrToTimeNum
                0x00006308       0x6c C:\Users\Chu Ming\Dropbox\Work\EE2024\Non-IVLE\workspace\Lib_MCU\Debug\libLib_MCU.a(lpc17xx_timer.o)
                0x00006308                TIM_ConverPtrToTimeNum
 .text.TIM_GetIntStatus
                0x00006374       0xb4 C:\Users\Chu Ming\Dropbox\Work\EE2024\Non-IVLE\workspace\Lib_MCU\Debug\libLib_MCU.a(lpc17xx_timer.o)
                0x00006374                TIM_GetIntStatus
 .text.TIM_ClearIntPending
                0x00006428       0xa0 C:\Users\Chu Ming\Dropbox\Work\EE2024\Non-IVLE\workspace\Lib_MCU\Debug\libLib_MCU.a(lpc17xx_timer.o)
                0x00006428                TIM_ClearIntPending
 .text.TIM_Init
                0x000064c8      0x1bc C:\Users\Chu Ming\Dropbox\Work\EE2024\Non-IVLE\workspace\Lib_MCU\Debug\libLib_MCU.a(lpc17xx_timer.o)
                0x000064c8                TIM_Init
 .text.TIM_Cmd  0x00006684       0x78 C:\Users\Chu Ming\Dropbox\Work\EE2024\Non-IVLE\workspace\Lib_MCU\Debug\libLib_MCU.a(lpc17xx_timer.o)
                0x00006684                TIM_Cmd
 .text.TIM_ResetCounter
                0x000066fc       0x6c C:\Users\Chu Ming\Dropbox\Work\EE2024\Non-IVLE\workspace\Lib_MCU\Debug\libLib_MCU.a(lpc17xx_timer.o)
                0x000066fc                TIM_ResetCounter
 .text.TIM_ConfigMatch
                0x00006768      0x19c C:\Users\Chu Ming\Dropbox\Work\EE2024\Non-IVLE\workspace\Lib_MCU\Debug\libLib_MCU.a(lpc17xx_timer.o)
                0x00006768                TIM_ConfigMatch
 .text.Timer0_Wait
                0x00006904       0x8c C:\Users\Chu Ming\Dropbox\Work\EE2024\Non-IVLE\workspace\Lib_MCU\Debug\libLib_MCU.a(lpc17xx_timer.o)
                0x00006904                Timer0_Wait
 .text.Timer0_us_Wait
                0x00006990       0x8c C:\Users\Chu Ming\Dropbox\Work\EE2024\Non-IVLE\workspace\Lib_MCU\Debug\libLib_MCU.a(lpc17xx_timer.o)
                0x00006990                Timer0_us_Wait
 .text.getUartNum
                0x00006a1c       0x54 C:\Users\Chu Ming\Dropbox\Work\EE2024\Non-IVLE\workspace\Lib_MCU\Debug\libLib_MCU.a(lpc17xx_uart.o)
                0x00006a1c                getUartNum
 .text.uart_set_divisors
                0x00006a70      0x26c C:\Users\Chu Ming\Dropbox\Work\EE2024\Non-IVLE\workspace\Lib_MCU\Debug\libLib_MCU.a(lpc17xx_uart.o)
                0x00006a70                uart_set_divisors
 .text.UART_GenIntHandler
                0x00006cdc      0x1c8 C:\Users\Chu Ming\Dropbox\Work\EE2024\Non-IVLE\workspace\Lib_MCU\Debug\libLib_MCU.a(lpc17xx_uart.o)
                0x00006cdc                UART_GenIntHandler
 .text.UART_Init
                0x00006ea4      0x368 C:\Users\Chu Ming\Dropbox\Work\EE2024\Non-IVLE\workspace\Lib_MCU\Debug\libLib_MCU.a(lpc17xx_uart.o)
                0x00006ea4                UART_Init
 .text.UART_SendData
                0x0000720c       0x78 C:\Users\Chu Ming\Dropbox\Work\EE2024\Non-IVLE\workspace\Lib_MCU\Debug\libLib_MCU.a(lpc17xx_uart.o)
                0x0000720c                UART_SendData
 .text.UART_ReceiveData
                0x00007284       0x78 C:\Users\Chu Ming\Dropbox\Work\EE2024\Non-IVLE\workspace\Lib_MCU\Debug\libLib_MCU.a(lpc17xx_uart.o)
                0x00007284                UART_ReceiveData
 .text.UART_IntConfig
                0x000072fc      0x1c8 C:\Users\Chu Ming\Dropbox\Work\EE2024\Non-IVLE\workspace\Lib_MCU\Debug\libLib_MCU.a(lpc17xx_uart.o)
                0x000072fc                UART_IntConfig
 .text.UART_TxCmd
                0x000074c4       0xe8 C:\Users\Chu Ming\Dropbox\Work\EE2024\Non-IVLE\workspace\Lib_MCU\Debug\libLib_MCU.a(lpc17xx_uart.o)
                0x000074c4                UART_TxCmd
 .text.UART_Send
                0x000075ac      0x10c C:\Users\Chu Ming\Dropbox\Work\EE2024\Non-IVLE\workspace\Lib_MCU\Debug\libLib_MCU.a(lpc17xx_uart.o)
                0x000075ac                UART_Send
 .text.UART_Receive
                0x000076b8       0xd8 C:\Users\Chu Ming\Dropbox\Work\EE2024\Non-IVLE\workspace\Lib_MCU\Debug\libLib_MCU.a(lpc17xx_uart.o)
                0x000076b8                UART_Receive
 .text.UART_SetupCbs
                0x00007790       0xb4 C:\Users\Chu Ming\Dropbox\Work\EE2024\Non-IVLE\workspace\Lib_MCU\Debug\libLib_MCU.a(lpc17xx_uart.o)
                0x00007790                UART_SetupCbs
 .text.UART3_StdIntHandler
                0x00007844       0x14 C:\Users\Chu Ming\Dropbox\Work\EE2024\Non-IVLE\workspace\Lib_MCU\Debug\libLib_MCU.a(lpc17xx_uart.o)
                0x00007844                UART3_StdIntHandler
 .text.CLKPWR_SetPCLKDiv
                0x00007858       0xcc C:\Users\Chu Ming\Dropbox\Work\EE2024\Non-IVLE\workspace\Lib_MCU\Debug\libLib_MCU.a(lpc17xx_clkpwr.o)
                0x00007858                CLKPWR_SetPCLKDiv
 .text.CLKPWR_GetPCLKSEL
                0x00007924       0x54 C:\Users\Chu Ming\Dropbox\Work\EE2024\Non-IVLE\workspace\Lib_MCU\Debug\libLib_MCU.a(lpc17xx_clkpwr.o)
                0x00007924                CLKPWR_GetPCLKSEL
 .text.CLKPWR_GetPCLK
                0x00007978       0x74 C:\Users\Chu Ming\Dropbox\Work\EE2024\Non-IVLE\workspace\Lib_MCU\Debug\libLib_MCU.a(lpc17xx_clkpwr.o)
                0x00007978                CLKPWR_GetPCLK
 .text.CLKPWR_ConfigPPWR
                0x000079ec       0x78 C:\Users\Chu Ming\Dropbox\Work\EE2024\Non-IVLE\workspace\Lib_MCU\Debug\libLib_MCU.a(lpc17xx_clkpwr.o)
                0x000079ec                CLKPWR_ConfigPPWR
 .text          0x00007a64      0x370 c:/nxp/lpcxpresso_6.1.4_194/lpcxpresso/tools/bin/../lib/gcc/arm-none-eabi/4.6.2/armv7-m\libgcc.a(_arm_addsubdf3.o)
                0x00007a64                __aeabi_drsub
                0x00007a6c                __aeabi_dsub
                0x00007a6c                __subdf3
                0x00007a70                __aeabi_dadd
                0x00007a70                __adddf3
                0x00007ce8                __floatunsidf
                0x00007ce8                __aeabi_ui2d
                0x00007d08                __floatsidf
                0x00007d08                __aeabi_i2d
                0x00007d2c                __aeabi_f2d
                0x00007d2c                __extendsfdf2
                0x00007d68                __floatundidf
                0x00007d68                __aeabi_ul2d
                0x00007d78                __floatdidf
                0x00007d78                __aeabi_l2d
 .text          0x00007dd4       0x50 c:/nxp/lpcxpresso_6.1.4_194/lpcxpresso/tools/bin/../lib/gcc/arm-none-eabi/4.6.2/armv7-m\libgcc.a(_arm_fixdfsi.o)
                0x00007dd4                __aeabi_d2iz
                0x00007dd4                __fixdfsi
 .text          0x00007e24       0x2c c:/nxp/lpcxpresso_6.1.4_194/lpcxpresso/tools/bin/../lib/gcc/arm-none-eabi/4.6.2/armv7-m\libgcc.a(_aeabi_uldivmod.o)
                0x00007e24                __aeabi_uldivmod
 .text          0x00007e50       0x5c c:/nxp/lpcxpresso_6.1.4_194/lpcxpresso/tools/bin/../lib/gcc/arm-none-eabi/4.6.2/armv7-m\libgcc.a(bpabi.o)
                0x00007e50                __gnu_ldivmod_helper
                0x00007e80                __gnu_uldivmod_helper
 .text          0x00007eac        0x4 c:/nxp/lpcxpresso_6.1.4_194/lpcxpresso/tools/bin/../lib/gcc/arm-none-eabi/4.6.2/armv7-m\libgcc.a(_dvmd_tls.o)
                0x00007eac                __aeabi_idiv0
                0x00007eac                __aeabi_ldiv0
 .text          0x00007eb0      0x2c8 c:/nxp/lpcxpresso_6.1.4_194/lpcxpresso/tools/bin/../lib/gcc/arm-none-eabi/4.6.2/armv7-m\libgcc.a(_divdi3.o)
                0x00007eb0                __divdi3
 .text          0x00008178      0x298 c:/nxp/lpcxpresso_6.1.4_194/lpcxpresso/tools/bin/../lib/gcc/arm-none-eabi/4.6.2/armv7-m\libgcc.a(_udivdi3.o)
                0x00008178                __udivdi3
 .text.malloc   0x00008410       0x14 c:/nxp/lpcxpresso_6.1.4_194/lpcxpresso/tools/bin/../lib/gcc/arm-none-eabi/4.6.2/../../../../arm-none-eabi/lib/armv7-m\libc.a(lib_a-malloc.o)
                0x00008410                malloc
 .text._malloc_r
                0x00008424      0x528 c:/nxp/lpcxpresso_6.1.4_194/lpcxpresso/tools/bin/../lib/gcc/arm-none-eabi/4.6.2/../../../../arm-none-eabi/lib/armv7-m\libc.a(lib_a-mallocr.o)
                0x00008424                _malloc_r
 .text.memset   0x0000894c       0x90 c:/nxp/lpcxpresso_6.1.4_194/lpcxpresso/tools/bin/../lib/gcc/arm-none-eabi/4.6.2/../../../../arm-none-eabi/lib/armv7-m\libc.a(lib_a-memset.o)
                0x0000894c                memset
 .text.__malloc_lock
                0x000089dc        0x4 c:/nxp/lpcxpresso_6.1.4_194/lpcxpresso/tools/bin/../lib/gcc/arm-none-eabi/4.6.2/../../../../arm-none-eabi/lib/armv7-m\libc.a(lib_a-mlock.o)
                0x000089dc                __malloc_lock
 .text.__malloc_unlock
                0x000089e0        0x4 c:/nxp/lpcxpresso_6.1.4_194/lpcxpresso/tools/bin/../lib/gcc/arm-none-eabi/4.6.2/../../../../arm-none-eabi/lib/armv7-m\libc.a(lib_a-mlock.o)
                0x000089e0                __malloc_unlock
 .text.srand    0x000089e4       0x18 c:/nxp/lpcxpresso_6.1.4_194/lpcxpresso/tools/bin/../lib/gcc/arm-none-eabi/4.6.2/../../../../arm-none-eabi/lib/armv7-m\libc.a(lib_a-rand.o)
                0x000089e4                srand
 .text.rand     0x000089fc       0x48 c:/nxp/lpcxpresso_6.1.4_194/lpcxpresso/tools/bin/../lib/gcc/arm-none-eabi/4.6.2/../../../../arm-none-eabi/lib/armv7-m\libc.a(lib_a-rand.o)
                0x000089fc                rand
 .text._sbrk_r  0x00008a44       0x24 c:/nxp/lpcxpresso_6.1.4_194/lpcxpresso/tools/bin/../lib/gcc/arm-none-eabi/4.6.2/../../../../arm-none-eabi/lib/armv7-m\libc.a(lib_a-sbrkr.o)
                0x00008a44                _sbrk_r
 .text.snprintf
                0x00008a68       0x6c c:/nxp/lpcxpresso_6.1.4_194/lpcxpresso/tools/bin/../lib/gcc/arm-none-eabi/4.6.2/../../../../arm-none-eabi/lib/armv7-m\libc.a(lib_a-snprintf.o)
                0x00008a68                snprintf
 .text.strlen   0x00008ad4       0x60 c:/nxp/lpcxpresso_6.1.4_194/lpcxpresso/tools/bin/../lib/gcc/arm-none-eabi/4.6.2/../../../../arm-none-eabi/lib/armv7-m\libc.a(lib_a-strlen.o)
                0x00008ad4                strlen
 .text._svfprintf_r
                0x00008b34     0x1408 c:/nxp/lpcxpresso_6.1.4_194/lpcxpresso/tools/bin/../lib/gcc/arm-none-eabi/4.6.2/../../../../arm-none-eabi/lib/armv7-m\libc.a(lib_a-svfprintf.o)
                0x00008b34                _svfprintf_r
 .text.time     0x00009f3c       0x2c c:/nxp/lpcxpresso_6.1.4_194/lpcxpresso/tools/bin/../lib/gcc/arm-none-eabi/4.6.2/../../../../arm-none-eabi/lib/armv7-m\libc.a(lib_a-time.o)
                0x00009f3c                time
 .text.quorem   0x00009f68      0x150 c:/nxp/lpcxpresso_6.1.4_194/lpcxpresso/tools/bin/../lib/gcc/arm-none-eabi/4.6.2/../../../../arm-none-eabi/lib/armv7-m\libc.a(lib_a-dtoa.o)
 .text._dtoa_r  0x0000a0b8      0xe60 c:/nxp/lpcxpresso_6.1.4_194/lpcxpresso/tools/bin/../lib/gcc/arm-none-eabi/4.6.2/../../../../arm-none-eabi/lib/armv7-m\libc.a(lib_a-dtoa.o)
                0x0000a0b8                _dtoa_r
 .text._malloc_trim_r
                0x0000af18       0xa0 c:/nxp/lpcxpresso_6.1.4_194/lpcxpresso/tools/bin/../lib/gcc/arm-none-eabi/4.6.2/../../../../arm-none-eabi/lib/armv7-m\libc.a(lib_a-freer.o)
                0x0000af18                _malloc_trim_r
 .text._free_r  0x0000afb8      0x190 c:/nxp/lpcxpresso_6.1.4_194/lpcxpresso/tools/bin/../lib/gcc/arm-none-eabi/4.6.2/../../../../arm-none-eabi/lib/armv7-m\libc.a(lib_a-freer.o)
                0x0000afb8                _free_r
 .text._gettimeofday_r
                0x0000b148       0x28 c:/nxp/lpcxpresso_6.1.4_194/lpcxpresso/tools/bin/../lib/gcc/arm-none-eabi/4.6.2/../../../../arm-none-eabi/lib/armv7-m\libc.a(lib_a-gettimeofdayr.o)
                0x0000b148                _gettimeofday_r
 .text._localeconv_r
                0x0000b170        0xc c:/nxp/lpcxpresso_6.1.4_194/lpcxpresso/tools/bin/../lib/gcc/arm-none-eabi/4.6.2/../../../../arm-none-eabi/lib/armv7-m\libc.a(lib_a-locale.o)
                0x0000b170                _localeconv_r
 .text.memchr   0x0000b17c       0x84 c:/nxp/lpcxpresso_6.1.4_194/lpcxpresso/tools/bin/../lib/gcc/arm-none-eabi/4.6.2/../../../../arm-none-eabi/lib/armv7-m\libc.a(lib_a-memchr.o)
                0x0000b17c                memchr
 .text.memcpy   0x0000b200       0x84 c:/nxp/lpcxpresso_6.1.4_194/lpcxpresso/tools/bin/../lib/gcc/arm-none-eabi/4.6.2/../../../../arm-none-eabi/lib/armv7-m\libc.a(lib_a-memcpy.o)
                0x0000b200                memcpy
 .text._Balloc  0x0000b284       0x4c c:/nxp/lpcxpresso_6.1.4_194/lpcxpresso/tools/bin/../lib/gcc/arm-none-eabi/4.6.2/../../../../arm-none-eabi/lib/armv7-m\libc.a(lib_a-mprec.o)
                0x0000b284                _Balloc
 .text._Bfree   0x0000b2d0       0x14 c:/nxp/lpcxpresso_6.1.4_194/lpcxpresso/tools/bin/../lib/gcc/arm-none-eabi/4.6.2/../../../../arm-none-eabi/lib/armv7-m\libc.a(lib_a-mprec.o)
                0x0000b2d0                _Bfree
 .text.__multadd
                0x0000b2e4       0x84 c:/nxp/lpcxpresso_6.1.4_194/lpcxpresso/tools/bin/../lib/gcc/arm-none-eabi/4.6.2/../../../../arm-none-eabi/lib/armv7-m\libc.a(lib_a-mprec.o)
                0x0000b2e4                __multadd
 .text.__hi0bits
                0x0000b368       0x3c c:/nxp/lpcxpresso_6.1.4_194/lpcxpresso/tools/bin/../lib/gcc/arm-none-eabi/4.6.2/../../../../arm-none-eabi/lib/armv7-m\libc.a(lib_a-mprec.o)
                0x0000b368                __hi0bits
 .text.__lo0bits
                0x0000b3a4       0x5c c:/nxp/lpcxpresso_6.1.4_194/lpcxpresso/tools/bin/../lib/gcc/arm-none-eabi/4.6.2/../../../../arm-none-eabi/lib/armv7-m\libc.a(lib_a-mprec.o)
                0x0000b3a4                __lo0bits
 .text.__i2b    0x0000b400       0x14 c:/nxp/lpcxpresso_6.1.4_194/lpcxpresso/tools/bin/../lib/gcc/arm-none-eabi/4.6.2/../../../../arm-none-eabi/lib/armv7-m\libc.a(lib_a-mprec.o)
                0x0000b400                __i2b
 .text.__multiply
                0x0000b414      0x144 c:/nxp/lpcxpresso_6.1.4_194/lpcxpresso/tools/bin/../lib/gcc/arm-none-eabi/4.6.2/../../../../arm-none-eabi/lib/armv7-m\libc.a(lib_a-mprec.o)
                0x0000b414                __multiply
 .text.__pow5mult
                0x0000b558       0x98 c:/nxp/lpcxpresso_6.1.4_194/lpcxpresso/tools/bin/../lib/gcc/arm-none-eabi/4.6.2/../../../../arm-none-eabi/lib/armv7-m\libc.a(lib_a-mprec.o)
                0x0000b558                __pow5mult
 .text.__lshift
                0x0000b5f0       0xc0 c:/nxp/lpcxpresso_6.1.4_194/lpcxpresso/tools/bin/../lib/gcc/arm-none-eabi/4.6.2/../../../../arm-none-eabi/lib/armv7-m\libc.a(lib_a-mprec.o)
                0x0000b5f0                __lshift
 .text.__mcmp   0x0000b6b0       0x3c c:/nxp/lpcxpresso_6.1.4_194/lpcxpresso/tools/bin/../lib/gcc/arm-none-eabi/4.6.2/../../../../arm-none-eabi/lib/armv7-m\libc.a(lib_a-mprec.o)
                0x0000b6b0                __mcmp
 .text.__mdiff  0x0000b6ec       0xd8 c:/nxp/lpcxpresso_6.1.4_194/lpcxpresso/tools/bin/../lib/gcc/arm-none-eabi/4.6.2/../../../../arm-none-eabi/lib/armv7-m\libc.a(lib_a-mprec.o)
                0x0000b6ec                __mdiff
 .text.__d2b    0x0000b7c4       0xcc c:/nxp/lpcxpresso_6.1.4_194/lpcxpresso/tools/bin/../lib/gcc/arm-none-eabi/4.6.2/../../../../arm-none-eabi/lib/armv7-m\libc.a(lib_a-mprec.o)
                0x0000b7c4                __d2b
 .text.__fpclassifyd
                0x0000b890       0x68 c:/nxp/lpcxpresso_6.1.4_194/lpcxpresso/tools/bin/../lib/gcc/arm-none-eabi/4.6.2/../../../../arm-none-eabi/lib/armv7-m\libc.a(lib_a-s_fpclassify.o)
                0x0000b890                __fpclassifyd
 .text.__ssprint_r
                0x0000b8f8       0xf8 c:/nxp/lpcxpresso_6.1.4_194/lpcxpresso/tools/bin/../lib/gcc/arm-none-eabi/4.6.2/../../../../arm-none-eabi/lib/armv7-m\libc.a(lib_a-svfiprintf.o)
                0x0000b8f8                __ssprint_r
 .text._calloc_r
                0x0000b9f0       0x60 c:/nxp/lpcxpresso_6.1.4_194/lpcxpresso/tools/bin/../lib/gcc/arm-none-eabi/4.6.2/../../../../arm-none-eabi/lib/armv7-m\libc.a(lib_a-callocr.o)
                0x0000b9f0                _calloc_r
 .text.memmove  0x0000ba50       0xb0 c:/nxp/lpcxpresso_6.1.4_194/lpcxpresso/tools/bin/../lib/gcc/arm-none-eabi/4.6.2/../../../../arm-none-eabi/lib/armv7-m\libc.a(lib_a-memmove.o)
                0x0000ba50                memmove
 .text._realloc_r
                0x0000bb00      0x3f4 c:/nxp/lpcxpresso_6.1.4_194/lpcxpresso/tools/bin/../lib/gcc/arm-none-eabi/4.6.2/../../../../arm-none-eabi/lib/armv7-m\libc.a(lib_a-reallocr.o)
                0x0000bb00                _realloc_r
 *fill*         0x0000bef4        0x4 00
 .text.ceil     0x0000bef8      0x128 c:/nxp/lpcxpresso_6.1.4_194/lpcxpresso/tools/bin/../lib/gcc/arm-none-eabi/4.6.2/../../../../arm-none-eabi/lib/armv7-m\libm.a(lib_a-s_ceil.o)
                0x0000bef8                ceil
 .text._sbrk    0x0000c020       0x3c c:/nxp/lpcxpresso_6.1.4_194/lpcxpresso/tools/bin/../lib/gcc/arm-none-eabi/4.6.2/../../../../arm-none-eabi/lib/armv7-m\libcr_newlib_semihost.a(_cr_sbrk.o)
                0x0000c020                _sbrk
 .text.do_AngelSWI
                0x0000c05c       0x12 c:/nxp/lpcxpresso_6.1.4_194/lpcxpresso/tools/bin/../lib/gcc/arm-none-eabi/4.6.2/../../../../arm-none-eabi/lib/armv7-m\libcr_newlib_semihost.a(syscalls.o)
 .text._gettimeofday
                0x0000c06e       0x22 c:/nxp/lpcxpresso_6.1.4_194/lpcxpresso/tools/bin/../lib/gcc/arm-none-eabi/4.6.2/../../../../arm-none-eabi/lib/armv7-m\libcr_newlib_semihost.a(syscalls.o)
                0x0000c06e                _gettimeofday
 .text.__check_heap_overflow
                0x0000c090       0x2c c:/nxp/lpcxpresso_6.1.4_194/lpcxpresso/tools/bin/../lib/gcc/arm-none-eabi/4.6.2/../../../../arm-none-eabi/lib/armv7-m\libcr_newlib_semihost.a(_cr_check_heap.o)
                0x0000c090                __check_heap_overflow
 .text          0x0000c0bc      0x424 c:/nxp/lpcxpresso_6.1.4_194/lpcxpresso/tools/bin/../lib/gcc/arm-none-eabi/4.6.2/armv7-m\libgcc.a(_arm_muldivdf3.o)
                0x0000c0bc                __aeabi_dmul
                0x0000c0bc                __muldf3
                0x0000c310                __divdf3
                0x0000c310                __aeabi_ddiv
 .text          0x0000c4e0      0x110 c:/nxp/lpcxpresso_6.1.4_194/lpcxpresso/tools/bin/../lib/gcc/arm-none-eabi/4.6.2/armv7-m\libgcc.a(_arm_cmpdf2.o)
                0x0000c4e0                __gtdf2
                0x0000c4e0                __gedf2
                0x0000c4e8                __ltdf2
                0x0000c4e8                __ledf2
                0x0000c4f0                __nedf2
                0x0000c4f0                __eqdf2
                0x0000c4f0                __cmpdf2
                0x0000c56c                __aeabi_cdrcmple
                0x0000c57c                __aeabi_cdcmpeq
                0x0000c57c                __aeabi_cdcmple
                0x0000c58c                __aeabi_dcmpeq
                0x0000c5a0                __aeabi_dcmplt
                0x0000c5b4                __aeabi_dcmple
                0x0000c5c8                __aeabi_dcmpge
                0x0000c5dc                __aeabi_dcmpgt
 .text.__errno  0x0000c5f0        0xc c:/nxp/lpcxpresso_6.1.4_194/lpcxpresso/tools/bin/../lib/gcc/arm-none-eabi/4.6.2/../../../../arm-none-eabi/lib/armv7-m\libc.a(lib_a-errno.o)
                0x0000c5f0                __errno
 *(.rodata .rodata.* .constdata .constdata.*)
 .rodata        0x0000c5fc      0x218 ./src/main.o
 .rodata        0x0000c814        0x8 C:\Users\Chu Ming\Dropbox\Work\EE2024\Non-IVLE\workspace\Lib_EaBaseBoard\Debug\libLib_EaBaseBoard.a(oled.o)
 .rodata        0x0000c81c      0x300 C:\Users\Chu Ming\Dropbox\Work\EE2024\Non-IVLE\workspace\Lib_EaBaseBoard\Debug\libLib_EaBaseBoard.a(font5x7.o)
                0x0000c81c                font5x7
 .rodata        0x0000cb1c       0x18 C:\Users\Chu Ming\Dropbox\Work\EE2024\Non-IVLE\workspace\Lib_MCU\Debug\libLib_MCU.a(lpc17xx_i2c.o)
 .rodata        0x0000cb34       0x18 C:\Users\Chu Ming\Dropbox\Work\EE2024\Non-IVLE\workspace\Lib_MCU\Debug\libLib_MCU.a(lpc17xx_ssp.o)
 .rodata        0x0000cb4c       0x18 C:\Users\Chu Ming\Dropbox\Work\EE2024\Non-IVLE\workspace\Lib_MCU\Debug\libLib_MCU.a(lpc17xx_timer.o)
 .rodata        0x0000cb64       0x18 C:\Users\Chu Ming\Dropbox\Work\EE2024\Non-IVLE\workspace\Lib_MCU\Debug\libLib_MCU.a(lpc17xx_uart.o)
 .rodata.zeroes.6590
                0x0000cb7c       0x10 c:/nxp/lpcxpresso_6.1.4_194/lpcxpresso/tools/bin/../lib/gcc/arm-none-eabi/4.6.2/../../../../arm-none-eabi/lib/armv7-m\libc.a(lib_a-svfprintf.o)
 .rodata.str1.4
                0x0000cb8c       0x42 c:/nxp/lpcxpresso_6.1.4_194/lpcxpresso/tools/bin/../lib/gcc/arm-none-eabi/4.6.2/../../../../arm-none-eabi/lib/armv7-m\libc.a(lib_a-svfprintf.o)
                                 0x44 (size before relaxing)
 *fill*         0x0000cbce        0x2 00
 .rodata.blanks.6589
                0x0000cbd0       0x10 c:/nxp/lpcxpresso_6.1.4_194/lpcxpresso/tools/bin/../lib/gcc/arm-none-eabi/4.6.2/../../../../arm-none-eabi/lib/armv7-m\libc.a(lib_a-svfprintf.o)
 .rodata.str1.4
                0x0000cbe0       0x10 c:/nxp/lpcxpresso_6.1.4_194/lpcxpresso/tools/bin/../lib/gcc/arm-none-eabi/4.6.2/../../../../arm-none-eabi/lib/armv7-m\libc.a(lib_a-dtoa.o)
                                 0x14 (size before relaxing)
 .rodata.str1.4
                0x0000cbf0        0x2 c:/nxp/lpcxpresso_6.1.4_194/lpcxpresso/tools/bin/../lib/gcc/arm-none-eabi/4.6.2/../../../../arm-none-eabi/lib/armv7-m\libc.a(lib_a-impure.o)
                                  0x4 (size before relaxing)
 *fill*         0x0000cbf2        0x2 00
 .rodata.str1.4
                0x0000cbf4        0xc c:/nxp/lpcxpresso_6.1.4_194/lpcxpresso/tools/bin/../lib/gcc/arm-none-eabi/4.6.2/../../../../arm-none-eabi/lib/armv7-m\libc.a(lib_a-locale.o)
                                 0x14 (size before relaxing)
 .rodata.__mprec_tens
                0x0000cc00       0xc8 c:/nxp/lpcxpresso_6.1.4_194/lpcxpresso/tools/bin/../lib/gcc/arm-none-eabi/4.6.2/../../../../arm-none-eabi/lib/armv7-m\libc.a(lib_a-mprec.o)
                0x0000cc00                __mprec_tens
 .rodata.__mprec_bigtens
                0x0000ccc8       0x28 c:/nxp/lpcxpresso_6.1.4_194/lpcxpresso/tools/bin/../lib/gcc/arm-none-eabi/4.6.2/../../../../arm-none-eabi/lib/armv7-m\libc.a(lib_a-mprec.o)
                0x0000ccc8                __mprec_bigtens
 .rodata.p05.5111
                0x0000ccf0        0xc c:/nxp/lpcxpresso_6.1.4_194/lpcxpresso/tools/bin/../lib/gcc/arm-none-eabi/4.6.2/../../../../arm-none-eabi/lib/armv7-m\libc.a(lib_a-mprec.o)
                0x0000ccfc                . = ALIGN (0x4)

.glue_7         0x0000ccfc        0x0
 .glue_7        0x00000000        0x0 linker stubs

.glue_7t        0x0000ccfc        0x0
 .glue_7t       0x00000000        0x0 linker stubs

.vfp11_veneer   0x0000ccfc        0x0
 .vfp11_veneer  0x00000000        0x0 linker stubs

.v4_bx          0x0000ccfc        0x0
 .v4_bx         0x00000000        0x0 linker stubs

.ARM.extab
 *(.ARM.extab* .gnu.linkonce.armextab.*)
                0x0000ccfc                __exidx_start = .

.ARM.exidx      0x0000ccfc        0x8
 *(.ARM.exidx* .gnu.linkonce.armexidx.*)
 .ARM.exidx     0x0000ccfc        0x8 c:/nxp/lpcxpresso_6.1.4_194/lpcxpresso/tools/bin/../lib/gcc/arm-none-eabi/4.6.2/armv7-m\libgcc.a(_divdi3.o)
 .ARM.exidx     0x0000cd04        0x0 c:/nxp/lpcxpresso_6.1.4_194/lpcxpresso/tools/bin/../lib/gcc/arm-none-eabi/4.6.2/armv7-m\libgcc.a(_udivdi3.o)
                                  0x8 (size before relaxing)
                0x0000cd04                __exidx_end = .
                0x0000cd04                _etext = .

.data_RAM2      0x2007c000        0x0 load address 0x0000cd04
 FILL mask 0xff
 *(.data.$RAM2*)
 *(.data.$RamAHB32*)
                0x2007c000                . = ALIGN (0x4)

.uninit_RESERVED
                0x10000000        0x0
 *(.bss.$RESERVED*)
                0x10000000                . = ALIGN (0x4)
                0x10000000                _end_uninit_RESERVED = .

.data           0x10000000      0x974 load address 0x0000cd04
 FILL mask 0xff
                0x10000000                _data = .
 *(vtable)
 *(.data*)
 .data          0x10000000       0xa4 ./src/main.o
                0x10000000                prevMode
                0x10000004                hasModeChanged
                0x10000008                curRGBLEDColor
                0x1000000c                startingSeq
                0x1000001c                seqLength
                0x10000020                nameSeq
                0x1000002e                ledOn
                0x10000030                curLEDPos
                0x10000034                menu
                0x10000040                up
                0x10000044                down
                0x10000048                left
                0x1000004c                right
                0x10000050                clear
                0x10000054                home
                0x1000005c                center
 .data          0x100000a4        0x4 C:\Users\Chu Ming\Dropbox\Work\EE2024\Non-IVLE\workspace\Lib_CMSISv1p30_LPC17xx\Debug\libCMSISv1p30_LPC17xx.a(system_LPC17xx.o)
                0x100000a4                SystemCoreClock
 .data          0x100000a8       0x50 C:\Users\Chu Ming\Dropbox\Work\EE2024\Non-IVLE\workspace\Lib_EaBaseBoard\Debug\libLib_EaBaseBoard.a(led7seg.o)
 .data          0x100000f8        0x8 C:\Users\Chu Ming\Dropbox\Work\EE2024\Non-IVLE\workspace\Lib_EaBaseBoard\Debug\libLib_EaBaseBoard.a(light.o)
 .data.__malloc_av_
                0x10000100      0x408 c:/nxp/lpcxpresso_6.1.4_194/lpcxpresso/tools/bin/../lib/gcc/arm-none-eabi/4.6.2/../../../../arm-none-eabi/lib/armv7-m\libc.a(lib_a-mallocr.o)
                0x10000100                __malloc_av_
 .data.__malloc_trim_threshold
                0x10000508        0x4 c:/nxp/lpcxpresso_6.1.4_194/lpcxpresso/tools/bin/../lib/gcc/arm-none-eabi/4.6.2/../../../../arm-none-eabi/lib/armv7-m\libc.a(lib_a-mallocr.o)
                0x10000508                __malloc_trim_threshold
 .data.__malloc_sbrk_base
                0x1000050c        0x4 c:/nxp/lpcxpresso_6.1.4_194/lpcxpresso/tools/bin/../lib/gcc/arm-none-eabi/4.6.2/../../../../arm-none-eabi/lib/armv7-m\libc.a(lib_a-mallocr.o)
                0x1000050c                __malloc_sbrk_base
 .data.impure_data
                0x10000510      0x428 c:/nxp/lpcxpresso_6.1.4_194/lpcxpresso/tools/bin/../lib/gcc/arm-none-eabi/4.6.2/../../../../arm-none-eabi/lib/armv7-m\libc.a(lib_a-impure.o)
 .data._impure_ptr
                0x10000938        0x4 c:/nxp/lpcxpresso_6.1.4_194/lpcxpresso/tools/bin/../lib/gcc/arm-none-eabi/4.6.2/../../../../arm-none-eabi/lib/armv7-m\libc.a(lib_a-impure.o)
                0x10000938                _impure_ptr
 .data.lconv    0x1000093c       0x38 c:/nxp/lpcxpresso_6.1.4_194/lpcxpresso/tools/bin/../lib/gcc/arm-none-eabi/4.6.2/../../../../arm-none-eabi/lib/armv7-m\libc.a(lib_a-locale.o)
                0x10000974                . = ALIGN (0x4)
                0x10000974                _edata = .

.bss_RAM2       0x2007c000        0x0
 *(.bss.$RAM2*)
 *(.bss.$RamAHB32*)
                0x2007c000                . = ALIGN (0x4)

.bss            0x10000974      0x848
                0x10000974                _bss = .
 *(.bss*)
 .bss           0x10000974       0x48 ./src/main.o
                0x10000974                curMode
                0x10000978                slowTaskCount
                0x1000097c                fastTaskCount
                0x10000980                isBlinking
                0x10000984                isRGBLEDOn
                0x10000988                isOLEDOn
                0x1000098c                isUARTDebounced
                0x10000990                msTicks
                0x10000994                curTicks
                0x10000998                lightningCount
                0x1000099c                curSeqIndex
                0x100009a0                curAniIndex
                0x100009a4                curMenuPos
                0x100009a8                isJoystickDebounced
 .bss           0x100009bc      0x300 C:\Users\Chu Ming\Dropbox\Work\EE2024\Non-IVLE\workspace\Lib_EaBaseBoard\Debug\libLib_EaBaseBoard.a(oled.o)
 .bss           0x10000cbc        0x6 C:\Users\Chu Ming\Dropbox\Work\EE2024\Non-IVLE\workspace\Lib_EaBaseBoard\Debug\libLib_EaBaseBoard.a(pca9532.o)
 *fill*         0x10000cc2        0x2 00
 .bss           0x10000cc4        0x4 C:\Users\Chu Ming\Dropbox\Work\EE2024\Non-IVLE\workspace\Lib_EaBaseBoard\Debug\libLib_EaBaseBoard.a(temp.o)
 .bss           0x10000cc8       0x24 C:\Users\Chu Ming\Dropbox\Work\EE2024\Non-IVLE\workspace\Lib_MCU\Debug\libLib_MCU.a(lpc17xx_i2c.o)
 .bss           0x10000cec       0x18 C:\Users\Chu Ming\Dropbox\Work\EE2024\Non-IVLE\workspace\Lib_MCU\Debug\libLib_MCU.a(lpc17xx_ssp.o)
 .bss           0x10000d04       0x44 C:\Users\Chu Ming\Dropbox\Work\EE2024\Non-IVLE\workspace\Lib_MCU\Debug\libLib_MCU.a(lpc17xx_uart.o)
                0x10000d04                uartCbsDat
                0x10000d44                pfnModemCbs
 .bss.__malloc_max_total_mem
                0x10000d48        0x4 c:/nxp/lpcxpresso_6.1.4_194/lpcxpresso/tools/bin/../lib/gcc/arm-none-eabi/4.6.2/../../../../arm-none-eabi/lib/armv7-m\libc.a(lib_a-mallocr.o)
                0x10000d48                __malloc_max_total_mem
 .bss.__malloc_max_sbrked_mem
                0x10000d4c        0x4 c:/nxp/lpcxpresso_6.1.4_194/lpcxpresso/tools/bin/../lib/gcc/arm-none-eabi/4.6.2/../../../../arm-none-eabi/lib/armv7-m\libc.a(lib_a-mallocr.o)
                0x10000d4c                __malloc_max_sbrked_mem
 .bss.__malloc_top_pad
                0x10000d50        0x4 c:/nxp/lpcxpresso_6.1.4_194/lpcxpresso/tools/bin/../lib/gcc/arm-none-eabi/4.6.2/../../../../arm-none-eabi/lib/armv7-m\libc.a(lib_a-mallocr.o)
                0x10000d50                __malloc_top_pad
 .bss.__malloc_current_mallinfo
                0x10000d54       0x28 c:/nxp/lpcxpresso_6.1.4_194/lpcxpresso/tools/bin/../lib/gcc/arm-none-eabi/4.6.2/../../../../arm-none-eabi/lib/armv7-m\libc.a(lib_a-mallocr.o)
                0x10000d54                __malloc_current_mallinfo
 *(COMMON)
 COMMON         0x10000d7c      0x438 ./src/main.o
                0x10000d7c                showStartingAniTask
                0x10000d80                getSensorValuesTask
                0x10000d84                readJoystickTask
                0x10000d88                stripesY
                0x10000f18                zInitial
                0x10000f1c                resetLEDSeqTask
                0x10000f20                fastTaskList
                0x10000f98                showStartingSeqTask
                0x10000f9c                joystickDebounceTask
                0x10000fa0                showLEDSeqTask
                0x10000fa4                stripesX
                0x10001134                blinkRGBTask
                0x10001138                slowTaskList
                0x100011b0                UARTDebounceTask
 COMMON         0x100011b4        0x4 c:/nxp/lpcxpresso_6.1.4_194/lpcxpresso/tools/bin/../lib/gcc/arm-none-eabi/4.6.2/../../../../arm-none-eabi/lib/armv7-m\libc.a(lib_a-reent.o)
                0x100011b4                errno
 COMMON         0x100011b8        0x4 c:/nxp/lpcxpresso_6.1.4_194/lpcxpresso/tools/bin/../lib/gcc/arm-none-eabi/4.6.2/../../../../arm-none-eabi/lib/armv7-m\libcr_newlib_semihost.a(_cr_sbrk.o)
                0x100011b8                __end_of_heap
                0x100011bc                . = ALIGN (0x4)
                0x100011bc                _ebss = .
                0x100011bc                PROVIDE (end, .)

.noinit_RAM2    0x2007c000        0x0
 *(.noinit.$RAM2*)
 *(.noinit.$RamAHB32*)
                0x2007c000                . = ALIGN (0x4)

.noinit         0x100011bc        0x0
                0x100011bc                _noinit = .
 *(.noinit*)
                0x100011bc                . = ALIGN (0x4)
                0x100011bc                _end_noinit = .
                0x100011bc                PROVIDE (_pvHeapStart, .)
                0x10008000                PROVIDE (_vStackTop, (__top_RamLoc32 - 0x0))
OUTPUT(EE2024Assignment2CMTC.axf elf32-littlearm)

.debug_info     0x00000000     0xa2e0
 .debug_info    0x00000000      0x209 ./src/cr_startup_lpc17.o
 .debug_info    0x00000209     0x2075 ./src/main.o
 .debug_info    0x0000227e       0xe4 ./src/rgbfixed.o
 .debug_info    0x00002362      0x296 ./src/task.o
 .debug_info    0x000025f8      0x357 C:\Users\Chu Ming\Dropbox\Work\EE2024\Non-IVLE\workspace\Lib_CMSISv1p30_LPC17xx\Debug\libCMSISv1p30_LPC17xx.a(system_LPC17xx.o)
 .debug_info    0x0000294f      0x53d C:\Users\Chu Ming\Dropbox\Work\EE2024\Non-IVLE\workspace\Lib_EaBaseBoard\Debug\libLib_EaBaseBoard.a(acc.o)
 .debug_info    0x00002e8c      0x10f C:\Users\Chu Ming\Dropbox\Work\EE2024\Non-IVLE\workspace\Lib_EaBaseBoard\Debug\libLib_EaBaseBoard.a(joystick.o)
 .debug_info    0x00002f9b      0x282 C:\Users\Chu Ming\Dropbox\Work\EE2024\Non-IVLE\workspace\Lib_EaBaseBoard\Debug\libLib_EaBaseBoard.a(led7seg.o)
 .debug_info    0x0000321d      0x763 C:\Users\Chu Ming\Dropbox\Work\EE2024\Non-IVLE\workspace\Lib_EaBaseBoard\Debug\libLib_EaBaseBoard.a(light.o)
 .debug_info    0x00003980      0x97d C:\Users\Chu Ming\Dropbox\Work\EE2024\Non-IVLE\workspace\Lib_EaBaseBoard\Debug\libLib_EaBaseBoard.a(oled.o)
 .debug_info    0x000042fd      0x642 C:\Users\Chu Ming\Dropbox\Work\EE2024\Non-IVLE\workspace\Lib_EaBaseBoard\Debug\libLib_EaBaseBoard.a(pca9532.o)
 .debug_info    0x0000493f      0x154 C:\Users\Chu Ming\Dropbox\Work\EE2024\Non-IVLE\workspace\Lib_EaBaseBoard\Debug\libLib_EaBaseBoard.a(temp.o)
 .debug_info    0x00004a93       0x65 C:\Users\Chu Ming\Dropbox\Work\EE2024\Non-IVLE\workspace\Lib_EaBaseBoard\Debug\libLib_EaBaseBoard.a(font5x7.o)
 .debug_info    0x00004af8      0xb95 C:\Users\Chu Ming\Dropbox\Work\EE2024\Non-IVLE\workspace\Lib_MCU\Debug\libLib_MCU.a(lpc17xx_gpio.o)
 .debug_info    0x0000568d      0xcc3 C:\Users\Chu Ming\Dropbox\Work\EE2024\Non-IVLE\workspace\Lib_MCU\Debug\libLib_MCU.a(lpc17xx_i2c.o)
 .debug_info    0x00006350       0xcd C:\Users\Chu Ming\Dropbox\Work\EE2024\Non-IVLE\workspace\Lib_MCU\Debug\libLib_MCU.a(lpc17xx_libcfg_default.o)
 .debug_info    0x0000641d      0x4b1 C:\Users\Chu Ming\Dropbox\Work\EE2024\Non-IVLE\workspace\Lib_MCU\Debug\libLib_MCU.a(lpc17xx_pinsel.o)
 .debug_info    0x000068ce      0x867 C:\Users\Chu Ming\Dropbox\Work\EE2024\Non-IVLE\workspace\Lib_MCU\Debug\libLib_MCU.a(lpc17xx_ssp.o)
 .debug_info    0x00007135      0x8e4 C:\Users\Chu Ming\Dropbox\Work\EE2024\Non-IVLE\workspace\Lib_MCU\Debug\libLib_MCU.a(lpc17xx_timer.o)
 .debug_info    0x00007a19     0x14df C:\Users\Chu Ming\Dropbox\Work\EE2024\Non-IVLE\workspace\Lib_MCU\Debug\libLib_MCU.a(lpc17xx_uart.o)
 .debug_info    0x00008ef8      0x641 C:\Users\Chu Ming\Dropbox\Work\EE2024\Non-IVLE\workspace\Lib_MCU\Debug\libLib_MCU.a(lpc17xx_clkpwr.o)
 .debug_info    0x00009539      0x106 c:/nxp/lpcxpresso_6.1.4_194/lpcxpresso/tools/bin/../lib/gcc/arm-none-eabi/4.6.2/../../../../arm-none-eabi/lib/armv7-m\libcr_newlib_semihost.a(_cr_sbrk.o)
 .debug_info    0x0000963f      0xbec c:/nxp/lpcxpresso_6.1.4_194/lpcxpresso/tools/bin/../lib/gcc/arm-none-eabi/4.6.2/../../../../arm-none-eabi/lib/armv7-m\libcr_newlib_semihost.a(syscalls.o)
 .debug_info    0x0000a22b       0xb5 c:/nxp/lpcxpresso_6.1.4_194/lpcxpresso/tools/bin/../lib/gcc/arm-none-eabi/4.6.2/../../../../arm-none-eabi/lib/armv7-m\libcr_newlib_semihost.a(_cr_check_heap.o)

.debug_abbrev   0x00000000     0x1fc6
 .debug_abbrev  0x00000000       0xb4 ./src/cr_startup_lpc17.o
 .debug_abbrev  0x000000b4      0x30a ./src/main.o
 .debug_abbrev  0x000003be       0x8e ./src/rgbfixed.o
 .debug_abbrev  0x0000044c       0xeb ./src/task.o
 .debug_abbrev  0x00000537       0xce C:\Users\Chu Ming\Dropbox\Work\EE2024\Non-IVLE\workspace\Lib_CMSISv1p30_LPC17xx\Debug\libCMSISv1p30_LPC17xx.a(system_LPC17xx.o)
 .debug_abbrev  0x00000605      0x15c C:\Users\Chu Ming\Dropbox\Work\EE2024\Non-IVLE\workspace\Lib_EaBaseBoard\Debug\libLib_EaBaseBoard.a(acc.o)
 .debug_abbrev  0x00000761       0x90 C:\Users\Chu Ming\Dropbox\Work\EE2024\Non-IVLE\workspace\Lib_EaBaseBoard\Debug\libLib_EaBaseBoard.a(joystick.o)
 .debug_abbrev  0x000007f1      0x155 C:\Users\Chu Ming\Dropbox\Work\EE2024\Non-IVLE\workspace\Lib_EaBaseBoard\Debug\libLib_EaBaseBoard.a(led7seg.o)
 .debug_abbrev  0x00000946      0x1bd C:\Users\Chu Ming\Dropbox\Work\EE2024\Non-IVLE\workspace\Lib_EaBaseBoard\Debug\libLib_EaBaseBoard.a(light.o)
 .debug_abbrev  0x00000b03      0x1f1 C:\Users\Chu Ming\Dropbox\Work\EE2024\Non-IVLE\workspace\Lib_EaBaseBoard\Debug\libLib_EaBaseBoard.a(oled.o)
 .debug_abbrev  0x00000cf4      0x1aa C:\Users\Chu Ming\Dropbox\Work\EE2024\Non-IVLE\workspace\Lib_EaBaseBoard\Debug\libLib_EaBaseBoard.a(pca9532.o)
 .debug_abbrev  0x00000e9e       0xc2 C:\Users\Chu Ming\Dropbox\Work\EE2024\Non-IVLE\workspace\Lib_EaBaseBoard\Debug\libLib_EaBaseBoard.a(temp.o)
 .debug_abbrev  0x00000f60       0x4b C:\Users\Chu Ming\Dropbox\Work\EE2024\Non-IVLE\workspace\Lib_EaBaseBoard\Debug\libLib_EaBaseBoard.a(font5x7.o)
 .debug_abbrev  0x00000fab      0x185 C:\Users\Chu Ming\Dropbox\Work\EE2024\Non-IVLE\workspace\Lib_MCU\Debug\libLib_MCU.a(lpc17xx_gpio.o)
 .debug_abbrev  0x00001130      0x24a C:\Users\Chu Ming\Dropbox\Work\EE2024\Non-IVLE\workspace\Lib_MCU\Debug\libLib_MCU.a(lpc17xx_i2c.o)
 .debug_abbrev  0x0000137a       0x6a C:\Users\Chu Ming\Dropbox\Work\EE2024\Non-IVLE\workspace\Lib_MCU\Debug\libLib_MCU.a(lpc17xx_libcfg_default.o)
 .debug_abbrev  0x000013e4      0x10a C:\Users\Chu Ming\Dropbox\Work\EE2024\Non-IVLE\workspace\Lib_MCU\Debug\libLib_MCU.a(lpc17xx_pinsel.o)
 .debug_abbrev  0x000014ee      0x1d3 C:\Users\Chu Ming\Dropbox\Work\EE2024\Non-IVLE\workspace\Lib_MCU\Debug\libLib_MCU.a(lpc17xx_ssp.o)
 .debug_abbrev  0x000016c1      0x19f C:\Users\Chu Ming\Dropbox\Work\EE2024\Non-IVLE\workspace\Lib_MCU\Debug\libLib_MCU.a(lpc17xx_timer.o)
 .debug_abbrev  0x00001860      0x259 C:\Users\Chu Ming\Dropbox\Work\EE2024\Non-IVLE\workspace\Lib_MCU\Debug\libLib_MCU.a(lpc17xx_uart.o)
 .debug_abbrev  0x00001ab9      0x174 C:\Users\Chu Ming\Dropbox\Work\EE2024\Non-IVLE\workspace\Lib_MCU\Debug\libLib_MCU.a(lpc17xx_clkpwr.o)
 .debug_abbrev  0x00001c2d       0xa8 c:/nxp/lpcxpresso_6.1.4_194/lpcxpresso/tools/bin/../lib/gcc/arm-none-eabi/4.6.2/../../../../arm-none-eabi/lib/armv7-m\libcr_newlib_semihost.a(_cr_sbrk.o)
 .debug_abbrev  0x00001cd5      0x27f c:/nxp/lpcxpresso_6.1.4_194/lpcxpresso/tools/bin/../lib/gcc/arm-none-eabi/4.6.2/../../../../arm-none-eabi/lib/armv7-m\libcr_newlib_semihost.a(syscalls.o)
 .debug_abbrev  0x00001f54       0x72 c:/nxp/lpcxpresso_6.1.4_194/lpcxpresso/tools/bin/../lib/gcc/arm-none-eabi/4.6.2/../../../../arm-none-eabi/lib/armv7-m\libcr_newlib_semihost.a(_cr_check_heap.o)

.debug_loc      0x00000000     0x434c
 .debug_loc     0x00000000      0x1f0 ./src/cr_startup_lpc17.o
 .debug_loc     0x000001f0      0xb86 ./src/main.o
 .debug_loc     0x00000d76       0x64 ./src/rgbfixed.o
 .debug_loc     0x00000dda      0x118 ./src/task.o
 .debug_loc     0x00000ef2       0x58 C:\Users\Chu Ming\Dropbox\Work\EE2024\Non-IVLE\workspace\Lib_CMSISv1p30_LPC17xx\Debug\libCMSISv1p30_LPC17xx.a(system_LPC17xx.o)
 .debug_loc     0x00000f4a      0x1f0 C:\Users\Chu Ming\Dropbox\Work\EE2024\Non-IVLE\workspace\Lib_EaBaseBoard\Debug\libLib_EaBaseBoard.a(acc.o)
 .debug_loc     0x0000113a       0x64 C:\Users\Chu Ming\Dropbox\Work\EE2024\Non-IVLE\workspace\Lib_EaBaseBoard\Debug\libLib_EaBaseBoard.a(joystick.o)
 .debug_loc     0x0000119e       0x64 C:\Users\Chu Ming\Dropbox\Work\EE2024\Non-IVLE\workspace\Lib_EaBaseBoard\Debug\libLib_EaBaseBoard.a(led7seg.o)
 .debug_loc     0x00001202      0x378 C:\Users\Chu Ming\Dropbox\Work\EE2024\Non-IVLE\workspace\Lib_EaBaseBoard\Debug\libLib_EaBaseBoard.a(light.o)
 .debug_loc     0x0000157a      0x33e C:\Users\Chu Ming\Dropbox\Work\EE2024\Non-IVLE\workspace\Lib_EaBaseBoard\Debug\libLib_EaBaseBoard.a(oled.o)
 .debug_loc     0x000018b8      0x2d0 C:\Users\Chu Ming\Dropbox\Work\EE2024\Non-IVLE\workspace\Lib_EaBaseBoard\Debug\libLib_EaBaseBoard.a(pca9532.o)
 .debug_loc     0x00001b88       0x70 C:\Users\Chu Ming\Dropbox\Work\EE2024\Non-IVLE\workspace\Lib_EaBaseBoard\Debug\libLib_EaBaseBoard.a(temp.o)
 .debug_loc     0x00001bf8      0x4d0 C:\Users\Chu Ming\Dropbox\Work\EE2024\Non-IVLE\workspace\Lib_MCU\Debug\libLib_MCU.a(lpc17xx_gpio.o)
 .debug_loc     0x000020c8      0x4e4 C:\Users\Chu Ming\Dropbox\Work\EE2024\Non-IVLE\workspace\Lib_MCU\Debug\libLib_MCU.a(lpc17xx_i2c.o)
 .debug_loc     0x000025ac       0x38 C:\Users\Chu Ming\Dropbox\Work\EE2024\Non-IVLE\workspace\Lib_MCU\Debug\libLib_MCU.a(lpc17xx_libcfg_default.o)
 .debug_loc     0x000025e4      0x150 C:\Users\Chu Ming\Dropbox\Work\EE2024\Non-IVLE\workspace\Lib_MCU\Debug\libLib_MCU.a(lpc17xx_pinsel.o)
 .debug_loc     0x00002734      0x448 C:\Users\Chu Ming\Dropbox\Work\EE2024\Non-IVLE\workspace\Lib_MCU\Debug\libLib_MCU.a(lpc17xx_ssp.o)
 .debug_loc     0x00002b7c      0x3b8 C:\Users\Chu Ming\Dropbox\Work\EE2024\Non-IVLE\workspace\Lib_MCU\Debug\libLib_MCU.a(lpc17xx_timer.o)
 .debug_loc     0x00002f34      0x77a C:\Users\Chu Ming\Dropbox\Work\EE2024\Non-IVLE\workspace\Lib_MCU\Debug\libLib_MCU.a(lpc17xx_uart.o)
 .debug_loc     0x000036ae      0x1bc C:\Users\Chu Ming\Dropbox\Work\EE2024\Non-IVLE\workspace\Lib_MCU\Debug\libLib_MCU.a(lpc17xx_clkpwr.o)
 .debug_loc     0x0000386a       0x55 c:/nxp/lpcxpresso_6.1.4_194/lpcxpresso/tools/bin/../lib/gcc/arm-none-eabi/4.6.2/../../../../arm-none-eabi/lib/armv7-m\libcr_newlib_semihost.a(_cr_sbrk.o)
 .debug_loc     0x000038bf      0xa64 c:/nxp/lpcxpresso_6.1.4_194/lpcxpresso/tools/bin/../lib/gcc/arm-none-eabi/4.6.2/../../../../arm-none-eabi/lib/armv7-m\libcr_newlib_semihost.a(syscalls.o)
 .debug_loc     0x00004323       0x29 c:/nxp/lpcxpresso_6.1.4_194/lpcxpresso/tools/bin/../lib/gcc/arm-none-eabi/4.6.2/../../../../arm-none-eabi/lib/armv7-m\libcr_newlib_semihost.a(_cr_check_heap.o)

.debug_aranges  0x00000000      0xb88
 .debug_aranges
                0x00000000       0x70 ./src/cr_startup_lpc17.o
 .debug_aranges
                0x00000070      0x1f0 ./src/main.o
 .debug_aranges
                0x00000260       0x28 ./src/rgbfixed.o
 .debug_aranges
                0x00000288       0x40 ./src/task.o
 .debug_aranges
                0x000002c8       0x28 C:\Users\Chu Ming\Dropbox\Work\EE2024\Non-IVLE\workspace\Lib_CMSISv1p30_LPC17xx\Debug\libCMSISv1p30_LPC17xx.a(system_LPC17xx.o)
 .debug_aranges
                0x000002f0       0x60 C:\Users\Chu Ming\Dropbox\Work\EE2024\Non-IVLE\workspace\Lib_EaBaseBoard\Debug\libLib_EaBaseBoard.a(acc.o)
 .debug_aranges
                0x00000350       0x28 C:\Users\Chu Ming\Dropbox\Work\EE2024\Non-IVLE\workspace\Lib_EaBaseBoard\Debug\libLib_EaBaseBoard.a(joystick.o)
 .debug_aranges
                0x00000378       0x28 C:\Users\Chu Ming\Dropbox\Work\EE2024\Non-IVLE\workspace\Lib_EaBaseBoard\Debug\libLib_EaBaseBoard.a(led7seg.o)
 .debug_aranges
                0x000003a0       0x98 C:\Users\Chu Ming\Dropbox\Work\EE2024\Non-IVLE\workspace\Lib_EaBaseBoard\Debug\libLib_EaBaseBoard.a(light.o)
 .debug_aranges
                0x00000438       0x90 C:\Users\Chu Ming\Dropbox\Work\EE2024\Non-IVLE\workspace\Lib_EaBaseBoard\Debug\libLib_EaBaseBoard.a(oled.o)
 .debug_aranges
                0x000004c8       0x80 C:\Users\Chu Ming\Dropbox\Work\EE2024\Non-IVLE\workspace\Lib_EaBaseBoard\Debug\libLib_EaBaseBoard.a(pca9532.o)
 .debug_aranges
                0x00000548       0x28 C:\Users\Chu Ming\Dropbox\Work\EE2024\Non-IVLE\workspace\Lib_EaBaseBoard\Debug\libLib_EaBaseBoard.a(temp.o)
 .debug_aranges
                0x00000570       0xc8 C:\Users\Chu Ming\Dropbox\Work\EE2024\Non-IVLE\workspace\Lib_MCU\Debug\libLib_MCU.a(lpc17xx_gpio.o)
 .debug_aranges
                0x00000638       0xd0 C:\Users\Chu Ming\Dropbox\Work\EE2024\Non-IVLE\workspace\Lib_MCU\Debug\libLib_MCU.a(lpc17xx_i2c.o)
 .debug_aranges
                0x00000708       0x20 C:\Users\Chu Ming\Dropbox\Work\EE2024\Non-IVLE\workspace\Lib_MCU\Debug\libLib_MCU.a(lpc17xx_libcfg_default.o)
 .debug_aranges
                0x00000728       0x48 C:\Users\Chu Ming\Dropbox\Work\EE2024\Non-IVLE\workspace\Lib_MCU\Debug\libLib_MCU.a(lpc17xx_pinsel.o)
 .debug_aranges
                0x00000770       0xb8 C:\Users\Chu Ming\Dropbox\Work\EE2024\Non-IVLE\workspace\Lib_MCU\Debug\libLib_MCU.a(lpc17xx_ssp.o)
 .debug_aranges
                0x00000828       0xa0 C:\Users\Chu Ming\Dropbox\Work\EE2024\Non-IVLE\workspace\Lib_MCU\Debug\libLib_MCU.a(lpc17xx_timer.o)
 .debug_aranges
                0x000008c8      0x130 C:\Users\Chu Ming\Dropbox\Work\EE2024\Non-IVLE\workspace\Lib_MCU\Debug\libLib_MCU.a(lpc17xx_uart.o)
 .debug_aranges
                0x000009f8       0x60 C:\Users\Chu Ming\Dropbox\Work\EE2024\Non-IVLE\workspace\Lib_MCU\Debug\libLib_MCU.a(lpc17xx_clkpwr.o)
 .debug_aranges
                0x00000a58       0x20 c:/nxp/lpcxpresso_6.1.4_194/lpcxpresso/tools/bin/../lib/gcc/arm-none-eabi/4.6.2/../../../../arm-none-eabi/lib/armv7-m\libcr_newlib_semihost.a(_cr_sbrk.o)
 .debug_aranges
                0x00000a78       0xf0 c:/nxp/lpcxpresso_6.1.4_194/lpcxpresso/tools/bin/../lib/gcc/arm-none-eabi/4.6.2/../../../../arm-none-eabi/lib/armv7-m\libcr_newlib_semihost.a(syscalls.o)
 .debug_aranges
                0x00000b68       0x20 c:/nxp/lpcxpresso_6.1.4_194/lpcxpresso/tools/bin/../lib/gcc/arm-none-eabi/4.6.2/../../../../arm-none-eabi/lib/armv7-m\libcr_newlib_semihost.a(_cr_check_heap.o)

.debug_ranges   0x00000000      0xa78
 .debug_ranges  0x00000000       0x60 ./src/cr_startup_lpc17.o
 .debug_ranges  0x00000060      0x1e0 ./src/main.o
 .debug_ranges  0x00000240       0x18 ./src/rgbfixed.o
 .debug_ranges  0x00000258       0x30 ./src/task.o
 .debug_ranges  0x00000288       0x18 C:\Users\Chu Ming\Dropbox\Work\EE2024\Non-IVLE\workspace\Lib_CMSISv1p30_LPC17xx\Debug\libCMSISv1p30_LPC17xx.a(system_LPC17xx.o)
 .debug_ranges  0x000002a0       0x50 C:\Users\Chu Ming\Dropbox\Work\EE2024\Non-IVLE\workspace\Lib_EaBaseBoard\Debug\libLib_EaBaseBoard.a(acc.o)
 .debug_ranges  0x000002f0       0x18 C:\Users\Chu Ming\Dropbox\Work\EE2024\Non-IVLE\workspace\Lib_EaBaseBoard\Debug\libLib_EaBaseBoard.a(joystick.o)
 .debug_ranges  0x00000308       0x18 C:\Users\Chu Ming\Dropbox\Work\EE2024\Non-IVLE\workspace\Lib_EaBaseBoard\Debug\libLib_EaBaseBoard.a(led7seg.o)
 .debug_ranges  0x00000320       0x88 C:\Users\Chu Ming\Dropbox\Work\EE2024\Non-IVLE\workspace\Lib_EaBaseBoard\Debug\libLib_EaBaseBoard.a(light.o)
 .debug_ranges  0x000003a8       0x80 C:\Users\Chu Ming\Dropbox\Work\EE2024\Non-IVLE\workspace\Lib_EaBaseBoard\Debug\libLib_EaBaseBoard.a(oled.o)
 .debug_ranges  0x00000428       0x70 C:\Users\Chu Ming\Dropbox\Work\EE2024\Non-IVLE\workspace\Lib_EaBaseBoard\Debug\libLib_EaBaseBoard.a(pca9532.o)
 .debug_ranges  0x00000498       0x18 C:\Users\Chu Ming\Dropbox\Work\EE2024\Non-IVLE\workspace\Lib_EaBaseBoard\Debug\libLib_EaBaseBoard.a(temp.o)
 .debug_ranges  0x000004b0       0xb8 C:\Users\Chu Ming\Dropbox\Work\EE2024\Non-IVLE\workspace\Lib_MCU\Debug\libLib_MCU.a(lpc17xx_gpio.o)
 .debug_ranges  0x00000568       0xc0 C:\Users\Chu Ming\Dropbox\Work\EE2024\Non-IVLE\workspace\Lib_MCU\Debug\libLib_MCU.a(lpc17xx_i2c.o)
 .debug_ranges  0x00000628       0x10 C:\Users\Chu Ming\Dropbox\Work\EE2024\Non-IVLE\workspace\Lib_MCU\Debug\libLib_MCU.a(lpc17xx_libcfg_default.o)
 .debug_ranges  0x00000638       0x38 C:\Users\Chu Ming\Dropbox\Work\EE2024\Non-IVLE\workspace\Lib_MCU\Debug\libLib_MCU.a(lpc17xx_pinsel.o)
 .debug_ranges  0x00000670       0xa8 C:\Users\Chu Ming\Dropbox\Work\EE2024\Non-IVLE\workspace\Lib_MCU\Debug\libLib_MCU.a(lpc17xx_ssp.o)
 .debug_ranges  0x00000718       0x90 C:\Users\Chu Ming\Dropbox\Work\EE2024\Non-IVLE\workspace\Lib_MCU\Debug\libLib_MCU.a(lpc17xx_timer.o)
 .debug_ranges  0x000007a8      0x120 C:\Users\Chu Ming\Dropbox\Work\EE2024\Non-IVLE\workspace\Lib_MCU\Debug\libLib_MCU.a(lpc17xx_uart.o)
 .debug_ranges  0x000008c8       0x50 C:\Users\Chu Ming\Dropbox\Work\EE2024\Non-IVLE\workspace\Lib_MCU\Debug\libLib_MCU.a(lpc17xx_clkpwr.o)
 .debug_ranges  0x00000918       0x10 c:/nxp/lpcxpresso_6.1.4_194/lpcxpresso/tools/bin/../lib/gcc/arm-none-eabi/4.6.2/../../../../arm-none-eabi/lib/armv7-m\libcr_newlib_semihost.a(_cr_sbrk.o)
 .debug_ranges  0x00000928      0x140 c:/nxp/lpcxpresso_6.1.4_194/lpcxpresso/tools/bin/../lib/gcc/arm-none-eabi/4.6.2/../../../../arm-none-eabi/lib/armv7-m\libcr_newlib_semihost.a(syscalls.o)
 .debug_ranges  0x00000a68       0x10 c:/nxp/lpcxpresso_6.1.4_194/lpcxpresso/tools/bin/../lib/gcc/arm-none-eabi/4.6.2/../../../../arm-none-eabi/lib/armv7-m\libcr_newlib_semihost.a(_cr_check_heap.o)

.debug_line     0x00000000     0x8352
 .debug_line    0x00000000      0x374 ./src/cr_startup_lpc17.o
 .debug_line    0x00000374      0xfb2 ./src/main.o
 .debug_line    0x00001326      0x377 ./src/rgbfixed.o
 .debug_line    0x0000169d      0x60e ./src/task.o
 .debug_line    0x00001cab      0x413 C:\Users\Chu Ming\Dropbox\Work\EE2024\Non-IVLE\workspace\Lib_CMSISv1p30_LPC17xx\Debug\libCMSISv1p30_LPC17xx.a(system_LPC17xx.o)
 .debug_line    0x000020be      0x506 C:\Users\Chu Ming\Dropbox\Work\EE2024\Non-IVLE\workspace\Lib_EaBaseBoard\Debug\libLib_EaBaseBoard.a(acc.o)
 .debug_line    0x000025c4      0x471 C:\Users\Chu Ming\Dropbox\Work\EE2024\Non-IVLE\workspace\Lib_EaBaseBoard\Debug\libLib_EaBaseBoard.a(joystick.o)
 .debug_line    0x00002a35      0x481 C:\Users\Chu Ming\Dropbox\Work\EE2024\Non-IVLE\workspace\Lib_EaBaseBoard\Debug\libLib_EaBaseBoard.a(led7seg.o)
 .debug_line    0x00002eb6      0x5b2 C:\Users\Chu Ming\Dropbox\Work\EE2024\Non-IVLE\workspace\Lib_EaBaseBoard\Debug\libLib_EaBaseBoard.a(light.o)
 .debug_line    0x00003468      0x78b C:\Users\Chu Ming\Dropbox\Work\EE2024\Non-IVLE\workspace\Lib_EaBaseBoard\Debug\libLib_EaBaseBoard.a(oled.o)
 .debug_line    0x00003bf3      0x59d C:\Users\Chu Ming\Dropbox\Work\EE2024\Non-IVLE\workspace\Lib_EaBaseBoard\Debug\libLib_EaBaseBoard.a(pca9532.o)
 .debug_line    0x00004190      0x47f C:\Users\Chu Ming\Dropbox\Work\EE2024\Non-IVLE\workspace\Lib_EaBaseBoard\Debug\libLib_EaBaseBoard.a(temp.o)
 .debug_line    0x0000460f       0x8e C:\Users\Chu Ming\Dropbox\Work\EE2024\Non-IVLE\workspace\Lib_EaBaseBoard\Debug\libLib_EaBaseBoard.a(font5x7.o)
 .debug_line    0x0000469d      0x5f6 C:\Users\Chu Ming\Dropbox\Work\EE2024\Non-IVLE\workspace\Lib_MCU\Debug\libLib_MCU.a(lpc17xx_gpio.o)
 .debug_line    0x00004c93      0x911 C:\Users\Chu Ming\Dropbox\Work\EE2024\Non-IVLE\workspace\Lib_MCU\Debug\libLib_MCU.a(lpc17xx_i2c.o)
 .debug_line    0x000055a4      0x38a C:\Users\Chu Ming\Dropbox\Work\EE2024\Non-IVLE\workspace\Lib_MCU\Debug\libLib_MCU.a(lpc17xx_libcfg_default.o)
 .debug_line    0x0000592e      0x475 C:\Users\Chu Ming\Dropbox\Work\EE2024\Non-IVLE\workspace\Lib_MCU\Debug\libLib_MCU.a(lpc17xx_pinsel.o)
 .debug_line    0x00005da3      0x844 C:\Users\Chu Ming\Dropbox\Work\EE2024\Non-IVLE\workspace\Lib_MCU\Debug\libLib_MCU.a(lpc17xx_ssp.o)
 .debug_line    0x000065e7      0x7a2 C:\Users\Chu Ming\Dropbox\Work\EE2024\Non-IVLE\workspace\Lib_MCU\Debug\libLib_MCU.a(lpc17xx_timer.o)
 .debug_line    0x00006d89      0xb90 C:\Users\Chu Ming\Dropbox\Work\EE2024\Non-IVLE\workspace\Lib_MCU\Debug\libLib_MCU.a(lpc17xx_uart.o)
 .debug_line    0x00007919      0x4d6 C:\Users\Chu Ming\Dropbox\Work\EE2024\Non-IVLE\workspace\Lib_MCU\Debug\libLib_MCU.a(lpc17xx_clkpwr.o)
 .debug_line    0x00007def       0xc0 c:/nxp/lpcxpresso_6.1.4_194/lpcxpresso/tools/bin/../lib/gcc/arm-none-eabi/4.6.2/../../../../arm-none-eabi/lib/armv7-m\libcr_newlib_semihost.a(_cr_sbrk.o)
 .debug_line    0x00007eaf      0x44f c:/nxp/lpcxpresso_6.1.4_194/lpcxpresso/tools/bin/../lib/gcc/arm-none-eabi/4.6.2/../../../../arm-none-eabi/lib/armv7-m\libcr_newlib_semihost.a(syscalls.o)
 .debug_line    0x000082fe       0x54 c:/nxp/lpcxpresso_6.1.4_194/lpcxpresso/tools/bin/../lib/gcc/arm-none-eabi/4.6.2/../../../../arm-none-eabi/lib/armv7-m\libcr_newlib_semihost.a(_cr_check_heap.o)

.debug_macinfo  0x00000000    0xb199c
 .debug_macinfo
                0x00000000     0x2c15 ./src/cr_startup_lpc17.o
 .debug_macinfo
                0x00002c15     0xf178 ./src/main.o
 .debug_macinfo
                0x00011d8d     0x7452 ./src/rgbfixed.o
 .debug_macinfo
                0x000191df     0x5951 ./src/task.o
 .debug_macinfo
                0x0001eb30     0x83f8 C:\Users\Chu Ming\Dropbox\Work\EE2024\Non-IVLE\workspace\Lib_CMSISv1p30_LPC17xx\Debug\libCMSISv1p30_LPC17xx.a(system_LPC17xx.o)
 .debug_macinfo
                0x00026f28     0x8f1b C:\Users\Chu Ming\Dropbox\Work\EE2024\Non-IVLE\workspace\Lib_EaBaseBoard\Debug\libLib_EaBaseBoard.a(acc.o)
 .debug_macinfo
                0x0002fe43     0x858b C:\Users\Chu Ming\Dropbox\Work\EE2024\Non-IVLE\workspace\Lib_EaBaseBoard\Debug\libLib_EaBaseBoard.a(joystick.o)
 .debug_macinfo
                0x000383ce     0x96a3 C:\Users\Chu Ming\Dropbox\Work\EE2024\Non-IVLE\workspace\Lib_EaBaseBoard\Debug\libLib_EaBaseBoard.a(led7seg.o)
 .debug_macinfo
                0x00041a71     0x8e3a C:\Users\Chu Ming\Dropbox\Work\EE2024\Non-IVLE\workspace\Lib_EaBaseBoard\Debug\libLib_EaBaseBoard.a(light.o)
 .debug_macinfo
                0x0004a8ab     0xa143 C:\Users\Chu Ming\Dropbox\Work\EE2024\Non-IVLE\workspace\Lib_EaBaseBoard\Debug\libLib_EaBaseBoard.a(oled.o)
 .debug_macinfo
                0x000549ee     0x8e59 C:\Users\Chu Ming\Dropbox\Work\EE2024\Non-IVLE\workspace\Lib_EaBaseBoard\Debug\libLib_EaBaseBoard.a(pca9532.o)
 .debug_macinfo
                0x0005d847     0x85e6 C:\Users\Chu Ming\Dropbox\Work\EE2024\Non-IVLE\workspace\Lib_EaBaseBoard\Debug\libLib_EaBaseBoard.a(temp.o)
 .debug_macinfo
                0x00065e2d     0x332a C:\Users\Chu Ming\Dropbox\Work\EE2024\Non-IVLE\workspace\Lib_EaBaseBoard\Debug\libLib_EaBaseBoard.a(font5x7.o)
 .debug_macinfo
                0x00069157     0x86b8 C:\Users\Chu Ming\Dropbox\Work\EE2024\Non-IVLE\workspace\Lib_MCU\Debug\libLib_MCU.a(lpc17xx_gpio.o)
 .debug_macinfo
                0x0007180f     0xa5d8 C:\Users\Chu Ming\Dropbox\Work\EE2024\Non-IVLE\workspace\Lib_MCU\Debug\libLib_MCU.a(lpc17xx_i2c.o)
 .debug_macinfo
                0x0007bde7     0x400d C:\Users\Chu Ming\Dropbox\Work\EE2024\Non-IVLE\workspace\Lib_MCU\Debug\libLib_MCU.a(lpc17xx_libcfg_default.o)
 .debug_macinfo
                0x0007fdf4     0x87d3 C:\Users\Chu Ming\Dropbox\Work\EE2024\Non-IVLE\workspace\Lib_MCU\Debug\libLib_MCU.a(lpc17xx_pinsel.o)
 .debug_macinfo
                0x000885c7     0xa8d0 C:\Users\Chu Ming\Dropbox\Work\EE2024\Non-IVLE\workspace\Lib_MCU\Debug\libLib_MCU.a(lpc17xx_ssp.o)
 .debug_macinfo
                0x00092e97     0xa4cd C:\Users\Chu Ming\Dropbox\Work\EE2024\Non-IVLE\workspace\Lib_MCU\Debug\libLib_MCU.a(lpc17xx_timer.o)
 .debug_macinfo
                0x0009d364     0xb03f C:\Users\Chu Ming\Dropbox\Work\EE2024\Non-IVLE\workspace\Lib_MCU\Debug\libLib_MCU.a(lpc17xx_uart.o)
 .debug_macinfo
                0x000a83a3     0x95f9 C:\Users\Chu Ming\Dropbox\Work\EE2024\Non-IVLE\workspace\Lib_MCU\Debug\libLib_MCU.a(lpc17xx_clkpwr.o)

.debug_str      0x00000000     0x3696
 .debug_str     0x00000000      0x1e0 ./src/cr_startup_lpc17.o
                                0x21a (size before relaxing)
 .debug_str     0x000001e0      0xffb ./src/main.o
                               0x1184 (size before relaxing)
 .debug_str     0x000011db       0x2f ./src/rgbfixed.o
                                0x16b (size before relaxing)
 .debug_str     0x0000120a       0x9b ./src/task.o
                                0x21c (size before relaxing)
 .debug_str     0x000012a5      0x17a C:\Users\Chu Ming\Dropbox\Work\EE2024\Non-IVLE\workspace\Lib_CMSISv1p30_LPC17xx\Debug\libCMSISv1p30_LPC17xx.a(system_LPC17xx.o)
                                0x2a8 (size before relaxing)
 .debug_str     0x0000141f      0x225 C:\Users\Chu Ming\Dropbox\Work\EE2024\Non-IVLE\workspace\Lib_EaBaseBoard\Debug\libLib_EaBaseBoard.a(acc.o)
                                0x3a4 (size before relaxing)
 .debug_str     0x00001644       0x3a C:\Users\Chu Ming\Dropbox\Work\EE2024\Non-IVLE\workspace\Lib_EaBaseBoard\Debug\libLib_EaBaseBoard.a(joystick.o)
                                0x175 (size before relaxing)
 .debug_str     0x0000167e       0x95 C:\Users\Chu Ming\Dropbox\Work\EE2024\Non-IVLE\workspace\Lib_EaBaseBoard\Debug\libLib_EaBaseBoard.a(led7seg.o)
                                0x210 (size before relaxing)
 .debug_str     0x00001713      0x204 C:\Users\Chu Ming\Dropbox\Work\EE2024\Non-IVLE\workspace\Lib_EaBaseBoard\Debug\libLib_EaBaseBoard.a(light.o)
                                0x509 (size before relaxing)
 .debug_str     0x00001917      0x1a9 C:\Users\Chu Ming\Dropbox\Work\EE2024\Non-IVLE\workspace\Lib_EaBaseBoard\Debug\libLib_EaBaseBoard.a(oled.o)
                                0x3c1 (size before relaxing)
 .debug_str     0x00001ac0      0x12e C:\Users\Chu Ming\Dropbox\Work\EE2024\Non-IVLE\workspace\Lib_EaBaseBoard\Debug\libLib_EaBaseBoard.a(pca9532.o)
                                0x3fb (size before relaxing)
 .debug_str     0x00001bee       0x2d C:\Users\Chu Ming\Dropbox\Work\EE2024\Non-IVLE\workspace\Lib_EaBaseBoard\Debug\libLib_EaBaseBoard.a(temp.o)
                                0x178 (size before relaxing)
 .debug_str     0x00001c1b       0x11 C:\Users\Chu Ming\Dropbox\Work\EE2024\Non-IVLE\workspace\Lib_EaBaseBoard\Debug\libLib_EaBaseBoard.a(font5x7.o)
                                 0xcc (size before relaxing)
 .debug_str     0x00001c2c      0x385 C:\Users\Chu Ming\Dropbox\Work\EE2024\Non-IVLE\workspace\Lib_MCU\Debug\libLib_MCU.a(lpc17xx_gpio.o)
                                0x47d (size before relaxing)
 .debug_str     0x00001fb1      0x304 C:\Users\Chu Ming\Dropbox\Work\EE2024\Non-IVLE\workspace\Lib_MCU\Debug\libLib_MCU.a(lpc17xx_i2c.o)
                                0x813 (size before relaxing)
 .debug_str     0x000022b5       0x32 C:\Users\Chu Ming\Dropbox\Work\EE2024\Non-IVLE\workspace\Lib_MCU\Debug\libLib_MCU.a(lpc17xx_libcfg_default.o)
                                0x156 (size before relaxing)
 .debug_str     0x000022e7      0x214 C:\Users\Chu Ming\Dropbox\Work\EE2024\Non-IVLE\workspace\Lib_MCU\Debug\libLib_MCU.a(lpc17xx_pinsel.o)
                                0x3b2 (size before relaxing)
 .debug_str     0x000024fb      0x204 C:\Users\Chu Ming\Dropbox\Work\EE2024\Non-IVLE\workspace\Lib_MCU\Debug\libLib_MCU.a(lpc17xx_ssp.o)
                                0x490 (size before relaxing)
 .debug_str     0x000026ff      0x248 C:\Users\Chu Ming\Dropbox\Work\EE2024\Non-IVLE\workspace\Lib_MCU\Debug\libLib_MCU.a(lpc17xx_timer.o)
                                0x5c6 (size before relaxing)
 .debug_str     0x00002947      0x8b0 C:\Users\Chu Ming\Dropbox\Work\EE2024\Non-IVLE\workspace\Lib_MCU\Debug\libLib_MCU.a(lpc17xx_uart.o)
                                0xc66 (size before relaxing)
 .debug_str     0x000031f7       0xcb C:\Users\Chu Ming\Dropbox\Work\EE2024\Non-IVLE\workspace\Lib_MCU\Debug\libLib_MCU.a(lpc17xx_clkpwr.o)
                                0x3ae (size before relaxing)
 .debug_str     0x000032c2       0xbc c:/nxp/lpcxpresso_6.1.4_194/lpcxpresso/tools/bin/../lib/gcc/arm-none-eabi/4.6.2/../../../../arm-none-eabi/lib/armv7-m\libcr_newlib_semihost.a(_cr_sbrk.o)
                                0x145 (size before relaxing)
 .debug_str     0x0000337e      0x2dd c:/nxp/lpcxpresso_6.1.4_194/lpcxpresso/tools/bin/../lib/gcc/arm-none-eabi/4.6.2/../../../../arm-none-eabi/lib/armv7-m\libcr_newlib_semihost.a(syscalls.o)
                                0x40b (size before relaxing)
 .debug_str     0x0000365b       0x3b c:/nxp/lpcxpresso_6.1.4_194/lpcxpresso/tools/bin/../lib/gcc/arm-none-eabi/4.6.2/../../../../arm-none-eabi/lib/armv7-m\libcr_newlib_semihost.a(_cr_check_heap.o)
                                 0xd1 (size before relaxing)

.comment        0x00000000       0x9a
 .comment       0x00000000       0x70 ./src/cr_startup_lpc17.o
                                 0x71 (size before relaxing)
 .comment       0x00000000       0x71 ./src/main.o
 .comment       0x00000000       0x71 ./src/rgbfixed.o
 .comment       0x00000000       0x71 ./src/task.o
 .comment       0x00000000       0x71 C:\Users\Chu Ming\Dropbox\Work\EE2024\Non-IVLE\workspace\Lib_CMSISv1p30_LPC17xx\Debug\libCMSISv1p30_LPC17xx.a(system_LPC17xx.o)
 .comment       0x00000000       0x71 C:\Users\Chu Ming\Dropbox\Work\EE2024\Non-IVLE\workspace\Lib_EaBaseBoard\Debug\libLib_EaBaseBoard.a(acc.o)
 .comment       0x00000000       0x71 C:\Users\Chu Ming\Dropbox\Work\EE2024\Non-IVLE\workspace\Lib_EaBaseBoard\Debug\libLib_EaBaseBoard.a(joystick.o)
 .comment       0x00000000       0x71 C:\Users\Chu Ming\Dropbox\Work\EE2024\Non-IVLE\workspace\Lib_EaBaseBoard\Debug\libLib_EaBaseBoard.a(led7seg.o)
 .comment       0x00000000       0x71 C:\Users\Chu Ming\Dropbox\Work\EE2024\Non-IVLE\workspace\Lib_EaBaseBoard\Debug\libLib_EaBaseBoard.a(light.o)
 .comment       0x00000000       0x71 C:\Users\Chu Ming\Dropbox\Work\EE2024\Non-IVLE\workspace\Lib_EaBaseBoard\Debug\libLib_EaBaseBoard.a(oled.o)
 .comment       0x00000000       0x71 C:\Users\Chu Ming\Dropbox\Work\EE2024\Non-IVLE\workspace\Lib_EaBaseBoard\Debug\libLib_EaBaseBoard.a(pca9532.o)
 .comment       0x00000000       0x71 C:\Users\Chu Ming\Dropbox\Work\EE2024\Non-IVLE\workspace\Lib_EaBaseBoard\Debug\libLib_EaBaseBoard.a(temp.o)
 .comment       0x00000000       0x71 C:\Users\Chu Ming\Dropbox\Work\EE2024\Non-IVLE\workspace\Lib_EaBaseBoard\Debug\libLib_EaBaseBoard.a(font5x7.o)
 .comment       0x00000000       0x71 C:\Users\Chu Ming\Dropbox\Work\EE2024\Non-IVLE\workspace\Lib_MCU\Debug\libLib_MCU.a(lpc17xx_gpio.o)
 .comment       0x00000000       0x71 C:\Users\Chu Ming\Dropbox\Work\EE2024\Non-IVLE\workspace\Lib_MCU\Debug\libLib_MCU.a(lpc17xx_i2c.o)
 .comment       0x00000000       0x71 C:\Users\Chu Ming\Dropbox\Work\EE2024\Non-IVLE\workspace\Lib_MCU\Debug\libLib_MCU.a(lpc17xx_libcfg_default.o)
 .comment       0x00000000       0x71 C:\Users\Chu Ming\Dropbox\Work\EE2024\Non-IVLE\workspace\Lib_MCU\Debug\libLib_MCU.a(lpc17xx_pinsel.o)
 .comment       0x00000000       0x71 C:\Users\Chu Ming\Dropbox\Work\EE2024\Non-IVLE\workspace\Lib_MCU\Debug\libLib_MCU.a(lpc17xx_ssp.o)
 .comment       0x00000000       0x71 C:\Users\Chu Ming\Dropbox\Work\EE2024\Non-IVLE\workspace\Lib_MCU\Debug\libLib_MCU.a(lpc17xx_timer.o)
 .comment       0x00000000       0x71 C:\Users\Chu Ming\Dropbox\Work\EE2024\Non-IVLE\workspace\Lib_MCU\Debug\libLib_MCU.a(lpc17xx_uart.o)
 .comment       0x00000000       0x71 C:\Users\Chu Ming\Dropbox\Work\EE2024\Non-IVLE\workspace\Lib_MCU\Debug\libLib_MCU.a(lpc17xx_clkpwr.o)
 .comment       0x00000070       0x2a c:/nxp/lpcxpresso_6.1.4_194/lpcxpresso/tools/bin/../lib/gcc/arm-none-eabi/4.6.2/../../../../arm-none-eabi/lib/armv7-m\libcr_newlib_semihost.a(_cr_sbrk.o)
                                 0x2b (size before relaxing)
 .comment       0x00000000       0x2b c:/nxp/lpcxpresso_6.1.4_194/lpcxpresso/tools/bin/../lib/gcc/arm-none-eabi/4.6.2/../../../../arm-none-eabi/lib/armv7-m\libcr_newlib_semihost.a(syscalls.o)
 .comment       0x00000000       0x2b c:/nxp/lpcxpresso_6.1.4_194/lpcxpresso/tools/bin/../lib/gcc/arm-none-eabi/4.6.2/../../../../arm-none-eabi/lib/armv7-m\libcr_newlib_semihost.a(_cr_check_heap.o)

.ARM.attributes
                0x00000000       0x33
 .ARM.attributes
                0x00000000       0x33 ./src/cr_startup_lpc17.o
 .ARM.attributes
                0x00000033       0x33 ./src/main.o
 .ARM.attributes
                0x00000066       0x33 ./src/rgbfixed.o
 .ARM.attributes
                0x00000099       0x33 ./src/task.o
 .ARM.attributes
                0x000000cc       0x33 C:\Users\Chu Ming\Dropbox\Work\EE2024\Non-IVLE\workspace\Lib_CMSISv1p30_LPC17xx\Debug\libCMSISv1p30_LPC17xx.a(system_LPC17xx.o)
 .ARM.attributes
                0x000000ff       0x33 C:\Users\Chu Ming\Dropbox\Work\EE2024\Non-IVLE\workspace\Lib_EaBaseBoard\Debug\libLib_EaBaseBoard.a(acc.o)
 .ARM.attributes
                0x00000132       0x33 C:\Users\Chu Ming\Dropbox\Work\EE2024\Non-IVLE\workspace\Lib_EaBaseBoard\Debug\libLib_EaBaseBoard.a(joystick.o)
 .ARM.attributes
                0x00000165       0x33 C:\Users\Chu Ming\Dropbox\Work\EE2024\Non-IVLE\workspace\Lib_EaBaseBoard\Debug\libLib_EaBaseBoard.a(led7seg.o)
 .ARM.attributes
                0x00000198       0x33 C:\Users\Chu Ming\Dropbox\Work\EE2024\Non-IVLE\workspace\Lib_EaBaseBoard\Debug\libLib_EaBaseBoard.a(light.o)
 .ARM.attributes
                0x000001cb       0x33 C:\Users\Chu Ming\Dropbox\Work\EE2024\Non-IVLE\workspace\Lib_EaBaseBoard\Debug\libLib_EaBaseBoard.a(oled.o)
 .ARM.attributes
                0x000001fe       0x33 C:\Users\Chu Ming\Dropbox\Work\EE2024\Non-IVLE\workspace\Lib_EaBaseBoard\Debug\libLib_EaBaseBoard.a(pca9532.o)
 .ARM.attributes
                0x00000231       0x33 C:\Users\Chu Ming\Dropbox\Work\EE2024\Non-IVLE\workspace\Lib_EaBaseBoard\Debug\libLib_EaBaseBoard.a(temp.o)
 .ARM.attributes
                0x00000264       0x33 C:\Users\Chu Ming\Dropbox\Work\EE2024\Non-IVLE\workspace\Lib_EaBaseBoard\Debug\libLib_EaBaseBoard.a(font5x7.o)
 .ARM.attributes
                0x00000297       0x33 C:\Users\Chu Ming\Dropbox\Work\EE2024\Non-IVLE\workspace\Lib_MCU\Debug\libLib_MCU.a(lpc17xx_gpio.o)
 .ARM.attributes
                0x000002ca       0x33 C:\Users\Chu Ming\Dropbox\Work\EE2024\Non-IVLE\workspace\Lib_MCU\Debug\libLib_MCU.a(lpc17xx_i2c.o)
 .ARM.attributes
                0x000002fd       0x33 C:\Users\Chu Ming\Dropbox\Work\EE2024\Non-IVLE\workspace\Lib_MCU\Debug\libLib_MCU.a(lpc17xx_libcfg_default.o)
 .ARM.attributes
                0x00000330       0x33 C:\Users\Chu Ming\Dropbox\Work\EE2024\Non-IVLE\workspace\Lib_MCU\Debug\libLib_MCU.a(lpc17xx_pinsel.o)
 .ARM.attributes
                0x00000363       0x33 C:\Users\Chu Ming\Dropbox\Work\EE2024\Non-IVLE\workspace\Lib_MCU\Debug\libLib_MCU.a(lpc17xx_ssp.o)
 .ARM.attributes
                0x00000396       0x33 C:\Users\Chu Ming\Dropbox\Work\EE2024\Non-IVLE\workspace\Lib_MCU\Debug\libLib_MCU.a(lpc17xx_timer.o)
 .ARM.attributes
                0x000003c9       0x33 C:\Users\Chu Ming\Dropbox\Work\EE2024\Non-IVLE\workspace\Lib_MCU\Debug\libLib_MCU.a(lpc17xx_uart.o)
 .ARM.attributes
                0x000003fc       0x33 C:\Users\Chu Ming\Dropbox\Work\EE2024\Non-IVLE\workspace\Lib_MCU\Debug\libLib_MCU.a(lpc17xx_clkpwr.o)
 .ARM.attributes
                0x0000042f       0x1d c:/nxp/lpcxpresso_6.1.4_194/lpcxpresso/tools/bin/../lib/gcc/arm-none-eabi/4.6.2/armv7-m\libgcc.a(_arm_addsubdf3.o)